Archive member included to satisfy reference by file (symbol)

d:/clion2023.2/gcc-arm-none-eabi-10.3-2021.10-win32/bin/../lib/gcc/arm-none-eabi/10.3.1/thumb/v7-m/nofp\libgcc.a(_arm_mulsf3.o)
                              CMakeFiles/UAV_V1.0.elf.dir/BSP/IMU/IMU.c.obj (__aeabi_fmul)
d:/clion2023.2/gcc-arm-none-eabi-10.3-2021.10-win32/bin/../lib/gcc/arm-none-eabi/10.3.1/thumb/v7-m/nofp\libgcc.a(_arm_addsubsf3.o)
                              CMakeFiles/UAV_V1.0.elf.dir/BSP/IMU/IMU.c.obj (__aeabi_i2f)
d:/clion2023.2/gcc-arm-none-eabi-10.3-2021.10-win32/bin/../lib/gcc/arm-none-eabi/10.3.1/thumb/v7-m/nofp\libgcc.a(_arm_muldivsf3.o)
                              CMakeFiles/UAV_V1.0.elf.dir/BSP/IMU/IMU.c.obj (__aeabi_fdiv)
d:/clion2023.2/gcc-arm-none-eabi-10.3-2021.10-win32/bin/../lib/gcc/arm-none-eabi/10.3.1/../../../../arm-none-eabi/lib/thumb/v7-m/nofp\libg.a(lib_a-errno.o)
                              CMakeFiles/UAV_V1.0.elf.dir/Core/Src/syscalls.c.obj (__errno)
d:/clion2023.2/gcc-arm-none-eabi-10.3-2021.10-win32/bin/../lib/gcc/arm-none-eabi/10.3.1/../../../../arm-none-eabi/lib/thumb/v7-m/nofp\libg.a(lib_a-exit.o)
                              d:/clion2023.2/gcc-arm-none-eabi-10.3-2021.10-win32/bin/../lib/gcc/arm-none-eabi/10.3.1/../../../../arm-none-eabi/lib/thumb/v7-m/nofp/crt0.o (exit)
d:/clion2023.2/gcc-arm-none-eabi-10.3-2021.10-win32/bin/../lib/gcc/arm-none-eabi/10.3.1/../../../../arm-none-eabi/lib/thumb/v7-m/nofp\libg.a(lib_a-impure.o)
                              d:/clion2023.2/gcc-arm-none-eabi-10.3-2021.10-win32/bin/../lib/gcc/arm-none-eabi/10.3.1/../../../../arm-none-eabi/lib/thumb/v7-m/nofp\libg.a(lib_a-exit.o) (_global_impure_ptr)
d:/clion2023.2/gcc-arm-none-eabi-10.3-2021.10-win32/bin/../lib/gcc/arm-none-eabi/10.3.1/../../../../arm-none-eabi/lib/thumb/v7-m/nofp\libg.a(lib_a-init.o)
                              d:/clion2023.2/gcc-arm-none-eabi-10.3-2021.10-win32/bin/../lib/gcc/arm-none-eabi/10.3.1/../../../../arm-none-eabi/lib/thumb/v7-m/nofp/crt0.o (__libc_init_array)
d:/clion2023.2/gcc-arm-none-eabi-10.3-2021.10-win32/bin/../lib/gcc/arm-none-eabi/10.3.1/../../../../arm-none-eabi/lib/thumb/v7-m/nofp\libg.a(lib_a-malloc.o)
                              CMakeFiles/UAV_V1.0.elf.dir/BSP/Motor/motor.c.obj (malloc)
d:/clion2023.2/gcc-arm-none-eabi-10.3-2021.10-win32/bin/../lib/gcc/arm-none-eabi/10.3.1/../../../../arm-none-eabi/lib/thumb/v7-m/nofp\libg.a(lib_a-mallocr.o)
                              d:/clion2023.2/gcc-arm-none-eabi-10.3-2021.10-win32/bin/../lib/gcc/arm-none-eabi/10.3.1/../../../../arm-none-eabi/lib/thumb/v7-m/nofp\libg.a(lib_a-malloc.o) (_malloc_r)
d:/clion2023.2/gcc-arm-none-eabi-10.3-2021.10-win32/bin/../lib/gcc/arm-none-eabi/10.3.1/../../../../arm-none-eabi/lib/thumb/v7-m/nofp\libg.a(lib_a-memset.o)
                              d:/clion2023.2/gcc-arm-none-eabi-10.3-2021.10-win32/bin/../lib/gcc/arm-none-eabi/10.3.1/../../../../arm-none-eabi/lib/thumb/v7-m/nofp/crt0.o (memset)
d:/clion2023.2/gcc-arm-none-eabi-10.3-2021.10-win32/bin/../lib/gcc/arm-none-eabi/10.3.1/../../../../arm-none-eabi/lib/thumb/v7-m/nofp\libg.a(lib_a-mlock.o)
                              d:/clion2023.2/gcc-arm-none-eabi-10.3-2021.10-win32/bin/../lib/gcc/arm-none-eabi/10.3.1/../../../../arm-none-eabi/lib/thumb/v7-m/nofp\libg.a(lib_a-mallocr.o) (__malloc_lock)
d:/clion2023.2/gcc-arm-none-eabi-10.3-2021.10-win32/bin/../lib/gcc/arm-none-eabi/10.3.1/../../../../arm-none-eabi/lib/thumb/v7-m/nofp\libg.a(lib_a-sbrkr.o)
                              d:/clion2023.2/gcc-arm-none-eabi-10.3-2021.10-win32/bin/../lib/gcc/arm-none-eabi/10.3.1/../../../../arm-none-eabi/lib/thumb/v7-m/nofp\libg.a(lib_a-mallocr.o) (_sbrk_r)
d:/clion2023.2/gcc-arm-none-eabi-10.3-2021.10-win32/bin/../lib/gcc/arm-none-eabi/10.3.1/../../../../arm-none-eabi/lib/thumb/v7-m/nofp\libg.a(lib_a-__call_atexit.o)
                              d:/clion2023.2/gcc-arm-none-eabi-10.3-2021.10-win32/bin/../lib/gcc/arm-none-eabi/10.3.1/../../../../arm-none-eabi/lib/thumb/v7-m/nofp\libg.a(lib_a-exit.o) (__call_exitprocs)
d:/clion2023.2/gcc-arm-none-eabi-10.3-2021.10-win32/bin/../lib/gcc/arm-none-eabi/10.3.1/../../../../arm-none-eabi/lib/thumb/v7-m/nofp\libg.a(lib_a-atexit.o)
                              d:/clion2023.2/gcc-arm-none-eabi-10.3-2021.10-win32/bin/../lib/gcc/arm-none-eabi/10.3.1/../../../../arm-none-eabi/lib/thumb/v7-m/nofp\libg.a(lib_a-__call_atexit.o) (atexit)
d:/clion2023.2/gcc-arm-none-eabi-10.3-2021.10-win32/bin/../lib/gcc/arm-none-eabi/10.3.1/../../../../arm-none-eabi/lib/thumb/v7-m/nofp\libg.a(lib_a-fini.o)
                              d:/clion2023.2/gcc-arm-none-eabi-10.3-2021.10-win32/bin/../lib/gcc/arm-none-eabi/10.3.1/../../../../arm-none-eabi/lib/thumb/v7-m/nofp\libg.a(lib_a-__call_atexit.o) (__libc_fini_array)
d:/clion2023.2/gcc-arm-none-eabi-10.3-2021.10-win32/bin/../lib/gcc/arm-none-eabi/10.3.1/../../../../arm-none-eabi/lib/thumb/v7-m/nofp\libg.a(lib_a-freer.o)
[...]
Memory Configuration

Name             Origin             Length             Attributes
RAM              0x20000000         0x00005000         xrw
FLASH            0x08000000         0x00010000         xr
*default*        0x00000000         0xffffffff

Linker script and memory map

LOAD d:/clion2023.2/gcc-arm-none-eabi-10.3-2021.10-win32/bin/../lib/gcc/arm-none-eabi/10.3.1/thumb/v7-m/nofp/crti.o
LOAD d:/clion2023.2/gcc-arm-none-eabi-10.3-2021.10-win32/bin/../lib/gcc/arm-none-eabi/10.3.1/thumb/v7-m/nofp/crtbegin.o
LOAD d:/clion2023.2/gcc-arm-none-eabi-10.3-2021.10-win32/bin/../lib/gcc/arm-none-eabi/10.3.1/../../../../arm-none-eabi/lib/thumb/v7-m/nofp/crt0.o
LOAD CMakeFiles/UAV_V1.0.elf.dir/Application/Control/control.c.obj
LOAD CMakeFiles/UAV_V1.0.elf.dir/BSP/Debug/uart_debug.c.obj
LOAD CMakeFiles/UAV_V1.0.elf.dir/BSP/IMU/IMU.c.obj
LOAD CMakeFiles/UAV_V1.0.elf.dir/BSP/Motor/motor.c.obj
LOAD CMakeFiles/UAV_V1.0.elf.dir/BSP/Parse/ppm.c.obj
LOAD CMakeFiles/UAV_V1.0.elf.dir/Core/Src/dma.c.obj
LOAD CMakeFiles/UAV_V1.0.elf.dir/Core/Src/gpio.c.obj
LOAD CMakeFiles/UAV_V1.0.elf.dir/Core/Src/i2c.c.obj
LOAD CMakeFiles/UAV_V1.0.elf.dir/Core/Src/main.c.obj
LOAD CMakeFiles/UAV_V1.0.elf.dir/Core/Src/stm32f1xx_hal_msp.c.obj
LOAD CMakeFiles/UAV_V1.0.elf.dir/Core/Src/stm32f1xx_it.c.obj
LOAD CMakeFiles/UAV_V1.0.elf.dir/Core/Src/syscalls.c.obj
LOAD CMakeFiles/UAV_V1.0.elf.dir/Core/Src/sysmem.c.obj
LOAD CMakeFiles/UAV_V1.0.elf.dir/Core/Src/system_stm32f1xx.c.obj
LOAD CMakeFiles/UAV_V1.0.elf.dir/Core/Src/tim.c.obj
LOAD CMakeFiles/UAV_V1.0.elf.dir/Core/Src/usart.c.obj
LOAD CMakeFiles/UAV_V1.0.elf.dir/Core/Startup/startup_stm32f103c8tx.s.obj
LOAD CMakeFiles/UAV_V1.0.elf.dir/Drivers/STM32F1xx_HAL_Driver/Src/stm32f1xx_hal.c.obj
LOAD CMakeFiles/UAV_V1.0.elf.dir/Drivers/STM32F1xx_HAL_Driver/Src/stm32f1xx_hal_cortex.c.obj
LOAD CMakeFiles/UAV_V1.0.elf.dir/Drivers/STM32F1xx_HAL_Driver/Src/stm32f1xx_hal_dma.c.obj
LOAD CMakeFiles/UAV_V1.0.elf.dir/Drivers/STM32F1xx_HAL_Driver/Src/stm32f1xx_hal_exti.c.obj
LOAD CMakeFiles/UAV_V1.0.elf.dir/Drivers/STM32F1xx_HAL_Driver/Src/stm32f1xx_hal_flash.c.obj
LOAD CMakeFiles/UAV_V1.0.elf.dir/Drivers/STM32F1xx_HAL_Driver/Src/stm32f1xx_hal_flash_ex.c.obj
LOAD CMakeFiles/UAV_V1.0.elf.dir/Drivers/STM32F1xx_HAL_Driver/Src/stm32f1xx_hal_gpio.c.obj
LOAD CMakeFiles/UAV_V1.0.elf.dir/Drivers/STM32F1xx_HAL_Driver/Src/stm32f1xx_hal_gpio_ex.c.obj
LOAD CMakeFiles/UAV_V1.0.elf.dir/Drivers/STM32F1xx_HAL_Driver/Src/stm32f1xx_hal_i2c.c.obj
LOAD CMakeFiles/UAV_V1.0.elf.dir/Drivers/STM32F1xx_HAL_Driver/Src/stm32f1xx_hal_pwr.c.obj
LOAD CMakeFiles/UAV_V1.0.elf.dir/Drivers/STM32F1xx_HAL_Driver/Src/stm32f1xx_hal_rcc.c.obj
LOAD CMakeFiles/UAV_V1.0.elf.dir/Drivers/STM32F1xx_HAL_Driver/Src/stm32f1xx_hal_rcc_ex.c.obj
LOAD CMakeFiles/UAV_V1.0.elf.dir/Drivers/STM32F1xx_HAL_Driver/Src/stm32f1xx_hal_tim.c.obj
LOAD CMakeFiles/UAV_V1.0.elf.dir/Drivers/STM32F1xx_HAL_Driver/Src/stm32f1xx_hal_tim_ex.c.obj
LOAD CMakeFiles/UAV_V1.0.elf.dir/Drivers/STM32F1xx_HAL_Driver/Src/stm32f1xx_hal_uart.c.obj
START GROUP
LOAD d:/clion2023.2/gcc-arm-none-eabi-10.3-2021.10-win32/bin/../lib/gcc/arm-none-eabi/10.3.1/thumb/v7-m/nofp\libgcc.a
LOAD d:/clion2023.2/gcc-arm-none-eabi-10.3-2021.10-win32/bin/../lib/gcc/arm-none-eabi/10.3.1/../../../../arm-none-eabi/lib/thumb/v7-m/nofp\libg.a
LOAD d:/clion2023.2/gcc-arm-none-eabi-10.3-2021.10-win32/bin/../lib/gcc/arm-none-eabi/10.3.1/../../../../arm-none-eabi/lib/thumb/v7-m/nofp\libc.a
END GROUP
LOAD d:/clion2023.2/gcc-arm-none-eabi-10.3-2021.10-win32/bin/../lib/gcc/arm-none-eabi/10.3.1/thumb/v7-m/nofp/crtend.o
LOAD d:/clion2023.2/gcc-arm-none-eabi-10.3-2021.10-win32/bin/../lib/gcc/arm-none-eabi/10.3.1/thumb/v7-m/nofp/crtn.o
                0x20005000                _estack = (ORIGIN (RAM) + LENGTH (RAM))
                0x00000200                _Min_Heap_Size = 0x200
                0x00000400                _Min_Stack_Size = 0x400

.isr_vector     0x08000000      0x10c
                0x08000000                . = ALIGN (0x4)
 *(.isr_vector)
 .isr_vector    0x08000000      0x10c CMakeFiles/UAV_V1.0.elf.dir/Core/Startup/startup_stm32f103c8tx.s.obj
                0x08000000                g_pfnVectors
                0x0800010c                . = ALIGN (0x4)

.text           0x0800010c     0x3a78
                0x0800010c                . = ALIGN (0x4)
 *(.text)
 .text          0x0800010c       0x40 d:/clion2023.2/gcc-arm-none-eabi-10.3-2021.10-win32/bin/../lib/gcc/arm-none-eabi/10.3.1/thumb/v7-m/nofp/crtbegin.o
 *(.text*)
 .text.UAV_UnLock
                0x0800014c       0x54 CMakeFiles/UAV_V1.0.elf.dir/Application/Control/control.c.obj
                0x0800014c                UAV_UnLock
 .text.Sensor_I2C2_Write
                0x080001a0       0x24 CMakeFiles/UAV_V1.0.elf.dir/BSP/IMU/IMU.c.obj
                0x080001a0                Sensor_I2C2_Write
 .text.Sensor_I2C2_Serch
                0x080001c4       0x34 CMakeFiles/UAV_V1.0.elf.dir/BSP/IMU/IMU.c.obj
                0x080001c4                Sensor_I2C2_Serch
 .text.MPU6050_Init
                0x080001f8       0x84 CMakeFiles/UAV_V1.0.elf.dir/BSP/IMU/IMU.c.obj
                0x080001f8                MPU6050_Init
 .text.Motor_SetState
                0x0800027c        0xc CMakeFiles/UAV_V1.0.elf.dir/BSP/Motor/motor.c.obj
                0x0800027c                Motor_SetState
 .text.Motor_Init
                0x08000288      0x104 CMakeFiles/UAV_V1.0.elf.dir/BSP/Motor/motor.c.obj
                0x08000288                Motor_Init
 .text.Motor_SetSpeed
                0x0800038c       0x48 CMakeFiles/UAV_V1.0.elf.dir/BSP/Motor/motor.c.obj
                0x0800038c                Motor_SetSpeed
 .text.PPM_ParseInit
                0x080003d4       0x10 CMakeFiles/UAV_V1.0.elf.dir/BSP/Parse/ppm.c.obj
                0x080003d4                PPM_ParseInit
 .text.HAL_GPIO_EXTI_Callback
                0x080003e4       0x74 CMakeFiles/UAV_V1.0.elf.dir/BSP/Parse/ppm.c.obj
                0x080003e4                HAL_GPIO_EXTI_Callback
 .text.MX_DMA_Init
                0x08000458       0x44 CMakeFiles/UAV_V1.0.elf.dir/Core/Src/dma.c.obj
                0x08000458                MX_DMA_Init
 .text.MX_GPIO_Init
                0x0800049c       0x9c CMakeFiles/UAV_V1.0.elf.dir/Core/Src/gpio.c.obj
                0x0800049c                MX_GPIO_Init
 .text.MX_I2C2_Init
                0x08000538       0x3c CMakeFiles/UAV_V1.0.elf.dir/Core/Src/i2c.c.obj
                0x08000538                MX_I2C2_Init
 .text.HAL_I2C_MspInit
                0x08000574       0x64 CMakeFiles/UAV_V1.0.elf.dir/Core/Src/i2c.c.obj
                0x08000574                HAL_I2C_MspInit
 .text.Error_Handler
                0x080005d8        0x4 CMakeFiles/UAV_V1.0.elf.dir/Core/Src/main.c.obj
                0x080005d8                Error_Handler
 .text.SystemClock_Config
                0x080005dc       0x64 CMakeFiles/UAV_V1.0.elf.dir/Core/Src/main.c.obj
                0x080005dc                SystemClock_Config
 .text.main     0x08000640       0xcc CMakeFiles/UAV_V1.0.elf.dir/Core/Src/main.c.obj
                0x08000640                main
 .text.HAL_MspInit
                0x0800070c       0x44 CMakeFiles/UAV_V1.0.elf.dir/Core/Src/stm32f1xx_hal_msp.c.obj
                0x0800070c                HAL_MspInit
 .text.NMI_Handler
                0x08000750        0x2 CMakeFiles/UAV_V1.0.elf.dir/Core/Src/stm32f1xx_it.c.obj
                0x08000750                NMI_Handler
 .text.HardFault_Handler
                0x08000752        0x2 CMakeFiles/UAV_V1.0.elf.dir/Core/Src/stm32f1xx_it.c.obj
                0x08000752                HardFault_Handler
 .text.MemManage_Handler
                0x08000754        0x2 CMakeFiles/UAV_V1.0.elf.dir/Core/Src/stm32f1xx_it.c.obj
                0x08000754                MemManage_Handler
 .text.BusFault_Handler
                0x08000756        0x2 CMakeFiles/UAV_V1.0.elf.dir/Core/Src/stm32f1xx_it.c.obj
                0x08000756                BusFault_Handler
 .text.UsageFault_Handler
                0x08000758        0x2 CMakeFiles/UAV_V1.0.elf.dir/Core/Src/stm32f1xx_it.c.obj
                0x08000758                UsageFault_Handler
 .text.SVC_Handler
                0x0800075a        0x2 CMakeFiles/UAV_V1.0.elf.dir/Core/Src/stm32f1xx_it.c.obj
                0x0800075a                SVC_Handler
 .text.DebugMon_Handler
                0x0800075c        0x2 CMakeFiles/UAV_V1.0.elf.dir/Core/Src/stm32f1xx_it.c.obj
                0x0800075c                DebugMon_Handler
 .text.PendSV_Handler
                0x0800075e        0x2 CMakeFiles/UAV_V1.0.elf.dir/Core/Src/stm32f1xx_it.c.obj
                0x0800075e                PendSV_Handler
 .text.SysTick_Handler
                0x08000760        0x8 CMakeFiles/UAV_V1.0.elf.dir/Core/Src/stm32f1xx_it.c.obj
                0x08000760                SysTick_Handler
 .text.EXTI0_IRQHandler
                0x08000768        0xa CMakeFiles/UAV_V1.0.elf.dir/Core/Src/stm32f1xx_it.c.obj
                0x08000768                EXTI0_IRQHandler
 *fill*         0x08000772        0x2 
 .text.DMA1_Channel4_IRQHandler
                0x08000774       0x10 CMakeFiles/UAV_V1.0.elf.dir/Core/Src/stm32f1xx_it.c.obj
                0x08000774                DMA1_Channel4_IRQHandler
 .text.DMA1_Channel5_IRQHandler
                0x08000784       0x10 CMakeFiles/UAV_V1.0.elf.dir/Core/Src/stm32f1xx_it.c.obj
                0x08000784                DMA1_Channel5_IRQHandler
 .text.USART1_IRQHandler
                0x08000794       0x10 CMakeFiles/UAV_V1.0.elf.dir/Core/Src/stm32f1xx_it.c.obj
                0x08000794                USART1_IRQHandler
 .text._sbrk    0x080007a4       0x48 CMakeFiles/UAV_V1.0.elf.dir/Core/Src/sysmem.c.obj
                0x080007a4                _sbrk
 .text.SystemInit
                0x080007ec        0x2 CMakeFiles/UAV_V1.0.elf.dir/Core/Src/system_stm32f1xx.c.obj
                0x080007ec                SystemInit
 *fill*         0x080007ee        0x2 
 .text.MX_TIM2_Init
                0x080007f0       0x6c CMakeFiles/UAV_V1.0.elf.dir/Core/Src/tim.c.obj
                0x080007f0                MX_TIM2_Init
 .text.HAL_TIM_Base_MspInit
                0x0800085c       0x4c CMakeFiles/UAV_V1.0.elf.dir/Core/Src/tim.c.obj
                0x0800085c                HAL_TIM_Base_MspInit
 .text.HAL_TIM_MspPostInit
                0x080008a8       0x50 CMakeFiles/UAV_V1.0.elf.dir/Core/Src/tim.c.obj
                0x080008a8                HAL_TIM_MspPostInit
 .text.MX_TIM4_Init
                0x080008f8       0xec CMakeFiles/UAV_V1.0.elf.dir/Core/Src/tim.c.obj
                0x080008f8                MX_TIM4_Init
 .text.MX_USART1_UART_Init
                0x080009e4       0x34 CMakeFiles/UAV_V1.0.elf.dir/Core/Src/usart.c.obj
                0x080009e4                MX_USART1_UART_Init
 .text.HAL_UART_MspInit
                0x08000a18       0xf4 CMakeFiles/UAV_V1.0.elf.dir/Core/Src/usart.c.obj
                0x08000a18                HAL_UART_MspInit
 .text.Reset_Handler
                0x08000b0c       0x48 CMakeFiles/UAV_V1.0.elf.dir/Core/Startup/startup_stm32f103c8tx.s.obj
                0x08000b0c                Reset_Handler
 .text.Default_Handler
                0x08000b54        0x2 CMakeFiles/UAV_V1.0.elf.dir/Core/Startup/startup_stm32f103c8tx.s.obj
                0x08000b54                RTC_Alarm_IRQHandler
                0x08000b54                EXTI2_IRQHandler
                0x08000b54                TIM1_CC_IRQHandler
                0x08000b54                PVD_IRQHandler
                0x08000b54                EXTI3_IRQHandler
                0x08000b54                I2C2_EV_IRQHandler
                0x08000b54                ADC1_2_IRQHandler
                0x08000b54                SPI1_IRQHandler
                0x08000b54                TAMPER_IRQHandler
                0x08000b54                USART3_IRQHandler
                0x08000b54                RTC_IRQHandler
                0x08000b54                DMA1_Channel7_IRQHandler
                0x08000b54                CAN1_RX1_IRQHandler
                0x08000b54                TIM4_IRQHandler
                0x08000b54                I2C1_EV_IRQHandler
                0x08000b54                DMA1_Channel6_IRQHandler
                0x08000b54                TIM3_IRQHandler
                0x08000b54                RCC_IRQHandler
                0x08000b54                TIM1_TRG_COM_IRQHandler
                0x08000b54                DMA1_Channel1_IRQHandler
                0x08000b54                Default_Handler
                0x08000b54                EXTI15_10_IRQHandler
                0x08000b54                EXTI9_5_IRQHandler
                0x08000b54                SPI2_IRQHandler
                0x08000b54                EXTI4_IRQHandler
                0x08000b54                USB_LP_CAN1_RX0_IRQHandler
                0x08000b54                USB_HP_CAN1_TX_IRQHandler
                0x08000b54                DMA1_Channel3_IRQHandler
                0x08000b54                TIM1_UP_IRQHandler
                0x08000b54                WWDG_IRQHandler
                0x08000b54                TIM2_IRQHandler
                0x08000b54                TIM1_BRK_IRQHandler
                0x08000b54                EXTI1_IRQHandler
                0x08000b54                USART2_IRQHandler
                0x08000b54                I2C2_ER_IRQHandler
                0x08000b54                DMA1_Channel2_IRQHandler
                0x08000b54                CAN1_SCE_IRQHandler
                0x08000b54                FLASH_IRQHandler
                0x08000b54                I2C1_ER_IRQHandler
                0x08000b54                USBWakeUp_IRQHandler
 *fill*         0x08000b56        0x2 
 .text.HAL_InitTick
                0x08000b58       0x4c CMakeFiles/UAV_V1.0.elf.dir/Drivers/STM32F1xx_HAL_Driver/Src/stm32f1xx_hal.c.obj
                0x08000b58                HAL_InitTick
 .text.HAL_Init
                0x08000ba4       0x24 CMakeFiles/UAV_V1.0.elf.dir/Drivers/STM32F1xx_HAL_Driver/Src/stm32f1xx_hal.c.obj
                0x08000ba4                HAL_Init
 .text.HAL_IncTick
                0x08000bc8       0x18 CMakeFiles/UAV_V1.0.elf.dir/Drivers/STM32F1xx_HAL_Driver/Src/stm32f1xx_hal.c.obj
                0x08000bc8                HAL_IncTick
 .text.HAL_GetTick
                0x08000be0        0xc CMakeFiles/UAV_V1.0.elf.dir/Drivers/STM32F1xx_HAL_Driver/Src/stm32f1xx_hal.c.obj
                0x08000be0                HAL_GetTick
 .text.HAL_Delay
                0x08000bec       0x28 CMakeFiles/UAV_V1.0.elf.dir/Drivers/STM32F1xx_HAL_Driver/Src/stm32f1xx_hal.c.obj
                0x08000bec                HAL_Delay
 .text.HAL_NVIC_SetPriorityGrouping
                0x08000c14       0x24 CMakeFiles/UAV_V1.0.elf.dir/Drivers/STM32F1xx_HAL_Driver/Src/stm32f1xx_hal_cortex.c.obj
                0x08000c14                HAL_NVIC_SetPriorityGrouping
 .text.HAL_NVIC_SetPriority
                0x08000c38       0x70 CMakeFiles/UAV_V1.0.elf.dir/Drivers/STM32F1xx_HAL_Driver/Src/stm32f1xx_hal_cortex.c.obj
                0x08000c38                HAL_NVIC_SetPriority
 .text.HAL_NVIC_EnableIRQ
                0x08000ca8       0x1c CMakeFiles/UAV_V1.0.elf.dir/Drivers/STM32F1xx_HAL_Driver/Src/stm32f1xx_hal_cortex.c.obj
                0x08000ca8                HAL_NVIC_EnableIRQ
 .text.HAL_SYSTICK_Config
                0x08000cc4       0x28 CMakeFiles/UAV_V1.0.elf.dir/Drivers/STM32F1xx_HAL_Driver/Src/stm32f1xx_hal_cortex.c.obj
                0x08000cc4                HAL_SYSTICK_Config
 .text.HAL_DMA_Init
                0x08000cec       0x6c CMakeFiles/UAV_V1.0.elf.dir/Drivers/STM32F1xx_HAL_Driver/Src/stm32f1xx_hal_dma.c.obj
                0x08000cec                HAL_DMA_Init
 .text.HAL_DMA_Abort
                0x08000d58       0x46 CMakeFiles/UAV_V1.0.elf.dir/Drivers/STM32F1xx_HAL_Driver/Src/stm32f1xx_hal_dma.c.obj
                0x08000d58                HAL_DMA_Abort
 *fill*         0x08000d9e        0x2 
 .text.HAL_DMA_Abort_IT
                0x08000da0       0x98 CMakeFiles/UAV_V1.0.elf.dir/Drivers/STM32F1xx_HAL_Driver/Src/stm32f1xx_hal_dma.c.obj
                0x08000da0                HAL_DMA_Abort_IT
 .text.HAL_DMA_IRQHandler
                0x08000e38      0x144 CMakeFiles/UAV_V1.0.elf.dir/Drivers/STM32F1xx_HAL_Driver/Src/stm32f1xx_hal_dma.c.obj
                0x08000e38                HAL_DMA_IRQHandler
 .text.HAL_GPIO_Init
                0x08000f7c      0x224 CMakeFiles/UAV_V1.0.elf.dir/Drivers/STM32F1xx_HAL_Driver/Src/stm32f1xx_hal_gpio.c.obj
                0x08000f7c                HAL_GPIO_Init
 .text.HAL_GPIO_WritePin
                0x080011a0        0xc CMakeFiles/UAV_V1.0.elf.dir/Drivers/STM32F1xx_HAL_Driver/Src/stm32f1xx_hal_gpio.c.obj
                0x080011a0                HAL_GPIO_WritePin
 .text.HAL_GPIO_TogglePin
                0x080011ac       0x12 CMakeFiles/UAV_V1.0.elf.dir/Drivers/STM32F1xx_HAL_Driver/Src/stm32f1xx_hal_gpio.c.obj
                0x080011ac                HAL_GPIO_TogglePin
 *fill*         0x080011be        0x2 
 .text.HAL_GPIO_EXTI_IRQHandler
                0x080011c0       0x1c CMakeFiles/UAV_V1.0.elf.dir/Drivers/STM32F1xx_HAL_Driver/Src/stm32f1xx_hal_gpio.c.obj
                0x080011c0                HAL_GPIO_EXTI_IRQHandler
 .text.I2C_IsAcknowledgeFailed
                0x080011dc       0x32 CMakeFiles/UAV_V1.0.elf.dir/Drivers/STM32F1xx_HAL_Driver/Src/stm32f1xx_hal_i2c.c.obj
 .text.I2C_WaitOnFlagUntilTimeout
                0x0800120e       0xaa CMakeFiles/UAV_V1.0.elf.dir/Drivers/STM32F1xx_HAL_Driver/Src/stm32f1xx_hal_i2c.c.obj
 .text.I2C_WaitOnMasterAddressFlagUntilTimeout
                0x080012b8       0xd6 CMakeFiles/UAV_V1.0.elf.dir/Drivers/STM32F1xx_HAL_Driver/Src/stm32f1xx_hal_i2c.c.obj
 .text.I2C_WaitOnTXEFlagUntilTimeout
                0x0800138e       0x5e CMakeFiles/UAV_V1.0.elf.dir/Drivers/STM32F1xx_HAL_Driver/Src/stm32f1xx_hal_i2c.c.obj
 .text.I2C_RequestMemoryWrite
                0x080013ec       0xd8 CMakeFiles/UAV_V1.0.elf.dir/Drivers/STM32F1xx_HAL_Driver/Src/stm32f1xx_hal_i2c.c.obj
 .text.I2C_RequestMemoryRead
                0x080014c4      0x154 CMakeFiles/UAV_V1.0.elf.dir/Drivers/STM32F1xx_HAL_Driver/Src/stm32f1xx_hal_i2c.c.obj
 .text.I2C_WaitOnBTFFlagUntilTimeout
                0x08001618       0x5e CMakeFiles/UAV_V1.0.elf.dir/Drivers/STM32F1xx_HAL_Driver/Src/stm32f1xx_hal_i2c.c.obj
 .text.I2C_WaitOnRXNEFlagUntilTimeout
                0x08001676       0x78 CMakeFiles/UAV_V1.0.elf.dir/Drivers/STM32F1xx_HAL_Driver/Src/stm32f1xx_hal_i2c.c.obj
 *fill*         0x080016ee        0x2 
 .text.HAL_I2C_Init
                0x080016f0      0x1bc CMakeFiles/UAV_V1.0.elf.dir/Drivers/STM32F1xx_HAL_Driver/Src/stm32f1xx_hal_i2c.c.obj
                0x080016f0                HAL_I2C_Init
 .text.HAL_I2C_Mem_Write
                0x080018ac      0x164 CMakeFiles/UAV_V1.0.elf.dir/Drivers/STM32F1xx_HAL_Driver/Src/stm32f1xx_hal_i2c.c.obj
                0x080018ac                HAL_I2C_Mem_Write
 .text.HAL_I2C_Mem_Read
                0x08001a10      0x348 CMakeFiles/UAV_V1.0.elf.dir/Drivers/STM32F1xx_HAL_Driver/Src/stm32f1xx_hal_i2c.c.obj
                0x08001a10                HAL_I2C_Mem_Read
 .text.HAL_I2C_IsDeviceReady
                0x08001d58      0x194 CMakeFiles/UAV_V1.0.elf.dir/Drivers/STM32F1xx_HAL_Driver/Src/stm32f1xx_hal_i2c.c.obj
                0x08001d58                HAL_I2C_IsDeviceReady
 .text.RCC_Delay
                0x08001eec       0x2c CMakeFiles/UAV_V1.0.elf.dir/Drivers/STM32F1xx_HAL_Driver/Src/stm32f1xx_hal_rcc.c.obj
 .text.HAL_RCC_OscConfig
                0x08001f18      0x410 CMakeFiles/UAV_V1.0.elf.dir/Drivers/STM32F1xx_HAL_Driver/Src/stm32f1xx_hal_rcc.c.obj
                0x08001f18                HAL_RCC_OscConfig
 .text.HAL_RCC_GetSysClockFreq
                0x08002328       0x54 CMakeFiles/UAV_V1.0.elf.dir/Drivers/STM32F1xx_HAL_Driver/Src/stm32f1xx_hal_rcc.c.obj
                0x08002328                HAL_RCC_GetSysClockFreq
 .text.HAL_RCC_ClockConfig
                0x0800237c      0x16c CMakeFiles/UAV_V1.0.elf.dir/Drivers/STM32F1xx_HAL_Driver/Src/stm32f1xx_hal_rcc.c.obj
                0x0800237c                HAL_RCC_ClockConfig
 .text.HAL_RCC_GetHCLKFreq
                0x080024e8        0xc CMakeFiles/UAV_V1.0.elf.dir/Drivers/STM32F1xx_HAL_Driver/Src/stm32f1xx_hal_rcc.c.obj
                0x080024e8                HAL_RCC_GetHCLKFreq
 .text.HAL_RCC_GetPCLK1Freq
                0x080024f4       0x20 CMakeFiles/UAV_V1.0.elf.dir/Drivers/STM32F1xx_HAL_Driver/Src/stm32f1xx_hal_rcc.c.obj
                0x080024f4                HAL_RCC_GetPCLK1Freq
 .text.HAL_RCC_GetPCLK2Freq
                0x08002514       0x20 CMakeFiles/UAV_V1.0.elf.dir/Drivers/STM32F1xx_HAL_Driver/Src/stm32f1xx_hal_rcc.c.obj
                0x08002514                HAL_RCC_GetPCLK2Freq
 .text.TIM_OC1_SetConfig
                0x08002534       0x5c CMakeFiles/UAV_V1.0.elf.dir/Drivers/STM32F1xx_HAL_Driver/Src/stm32f1xx_hal_tim.c.obj
 .text.TIM_OC3_SetConfig
                0x08002590       0x64 CMakeFiles/UAV_V1.0.elf.dir/Drivers/STM32F1xx_HAL_Driver/Src/stm32f1xx_hal_tim.c.obj
 .text.TIM_OC4_SetConfig
                0x080025f4       0x48 CMakeFiles/UAV_V1.0.elf.dir/Drivers/STM32F1xx_HAL_Driver/Src/stm32f1xx_hal_tim.c.obj
 .text.TIM_TI1_ConfigInputStage
                0x0800263c       0x24 CMakeFiles/UAV_V1.0.elf.dir/Drivers/STM32F1xx_HAL_Driver/Src/stm32f1xx_hal_tim.c.obj
 .text.TIM_TI2_ConfigInputStage
                0x08002660       0x26 CMakeFiles/UAV_V1.0.elf.dir/Drivers/STM32F1xx_HAL_Driver/Src/stm32f1xx_hal_tim.c.obj
 .text.TIM_ITRx_SetConfig
                0x08002686       0x10 CMakeFiles/UAV_V1.0.elf.dir/Drivers/STM32F1xx_HAL_Driver/Src/stm32f1xx_hal_tim.c.obj
 *fill*         0x08002696        0x2 
 .text.HAL_TIM_Base_Start
                0x08002698       0x5c CMakeFiles/UAV_V1.0.elf.dir/Drivers/STM32F1xx_HAL_Driver/Src/stm32f1xx_hal_tim.c.obj
                0x08002698                HAL_TIM_Base_Start
 .text.HAL_TIM_Base_Stop
                0x080026f4       0x28 CMakeFiles/UAV_V1.0.elf.dir/Drivers/STM32F1xx_HAL_Driver/Src/stm32f1xx_hal_tim.c.obj
                0x080026f4                HAL_TIM_Base_Stop
 .text.HAL_TIM_PWM_MspInit
                0x0800271c        0x2 CMakeFiles/UAV_V1.0.elf.dir/Drivers/STM32F1xx_HAL_Driver/Src/stm32f1xx_hal_tim.c.obj
                0x0800271c                HAL_TIM_PWM_MspInit
 *fill*         0x0800271e        0x2 
 .text.TIM_Base_SetConfig
                0x08002720       0x74 CMakeFiles/UAV_V1.0.elf.dir/Drivers/STM32F1xx_HAL_Driver/Src/stm32f1xx_hal_tim.c.obj
                0x08002720                TIM_Base_SetConfig
 .text.HAL_TIM_Base_Init
                0x08002794       0x58 CMakeFiles/UAV_V1.0.elf.dir/Drivers/STM32F1xx_HAL_Driver/Src/stm32f1xx_hal_tim.c.obj
                0x08002794                HAL_TIM_Base_Init
 .text.HAL_TIM_PWM_Init
                0x080027ec       0x58 CMakeFiles/UAV_V1.0.elf.dir/Drivers/STM32F1xx_HAL_Driver/Src/stm32f1xx_hal_tim.c.obj
                0x080027ec                HAL_TIM_PWM_Init
 .text.TIM_OC2_SetConfig
                0x08002844       0x64 CMakeFiles/UAV_V1.0.elf.dir/Drivers/STM32F1xx_HAL_Driver/Src/stm32f1xx_hal_tim.c.obj
                0x08002844                TIM_OC2_SetConfig
 .text.HAL_TIM_PWM_ConfigChannel
                0x080028a8       0xdc CMakeFiles/UAV_V1.0.elf.dir/Drivers/STM32F1xx_HAL_Driver/Src/stm32f1xx_hal_tim.c.obj
                0x080028a8                HAL_TIM_PWM_ConfigChannel
 .text.TIM_ETR_SetConfig
                0x08002984       0x18 CMakeFiles/UAV_V1.0.elf.dir/Drivers/STM32F1xx_HAL_Driver/Src/stm32f1xx_hal_tim.c.obj
                0x08002984                TIM_ETR_SetConfig
 .text.HAL_TIM_ConfigClockSource
                0x0800299c       0xfe CMakeFiles/UAV_V1.0.elf.dir/Drivers/STM32F1xx_HAL_Driver/Src/stm32f1xx_hal_tim.c.obj
                0x0800299c                HAL_TIM_ConfigClockSource
 .text.TIM_CCxChannelCmd
                0x08002a9a       0x1e CMakeFiles/UAV_V1.0.elf.dir/Drivers/STM32F1xx_HAL_Driver/Src/stm32f1xx_hal_tim.c.obj
                0x08002a9a                TIM_CCxChannelCmd
 .text.HAL_TIM_PWM_Start
                0x08002ab8       0xdc CMakeFiles/UAV_V1.0.elf.dir/Drivers/STM32F1xx_HAL_Driver/Src/stm32f1xx_hal_tim.c.obj
                0x08002ab8                HAL_TIM_PWM_Start
 .text.HAL_TIMEx_MasterConfigSynchronization
                0x08002b94       0x6c CMakeFiles/UAV_V1.0.elf.dir/Drivers/STM32F1xx_HAL_Driver/Src/stm32f1xx_hal_tim_ex.c.obj
                0x08002b94                HAL_TIMEx_MasterConfigSynchronization
 .text.UART_EndRxTransfer
                0x08002c00       0x5c CMakeFiles/UAV_V1.0.elf.dir/Drivers/STM32F1xx_HAL_Driver/Src/stm32f1xx_hal_uart.c.obj
 .text.UART_Transmit_IT
                0x08002c5c       0x60 CMakeFiles/UAV_V1.0.elf.dir/Drivers/STM32F1xx_HAL_Driver/Src/stm32f1xx_hal_uart.c.obj
 .text.UART_SetConfig
                0x08002cbc       0x94 CMakeFiles/UAV_V1.0.elf.dir/Drivers/STM32F1xx_HAL_Driver/Src/stm32f1xx_hal_uart.c.obj
 .text.HAL_UART_Init
                0x08002d50       0x60 CMakeFiles/UAV_V1.0.elf.dir/Drivers/STM32F1xx_HAL_Driver/Src/stm32f1xx_hal_uart.c.obj
                0x08002d50                HAL_UART_Init
 .text.HAL_UART_TxCpltCallback
                0x08002db0        0x2 CMakeFiles/UAV_V1.0.elf.dir/Drivers/STM32F1xx_HAL_Driver/Src/stm32f1xx_hal_uart.c.obj
                0x08002db0                HAL_UART_TxCpltCallback
 .text.UART_EndTransmit_IT
                0x08002db2       0x1a CMakeFiles/UAV_V1.0.elf.dir/Drivers/STM32F1xx_HAL_Driver/Src/stm32f1xx_hal_uart.c.obj
 .text.HAL_UART_RxCpltCallback
                0x08002dcc        0x2 CMakeFiles/UAV_V1.0.elf.dir/Drivers/STM32F1xx_HAL_Driver/Src/stm32f1xx_hal_uart.c.obj
                0x08002dcc                HAL_UART_RxCpltCallback
 .text.HAL_UART_ErrorCallback
                0x08002dce        0x2 CMakeFiles/UAV_V1.0.elf.dir/Drivers/STM32F1xx_HAL_Driver/Src/stm32f1xx_hal_uart.c.obj
                0x08002dce                HAL_UART_ErrorCallback
 .text.UART_DMAAbortOnError
                0x08002dd0       0x10 CMakeFiles/UAV_V1.0.elf.dir/Drivers/STM32F1xx_HAL_Driver/Src/stm32f1xx_hal_uart.c.obj
 .text.HAL_UARTEx_RxEventCallback
                0x08002de0        0x2 CMakeFiles/UAV_V1.0.elf.dir/Drivers/STM32F1xx_HAL_Driver/Src/stm32f1xx_hal_uart.c.obj
                0x08002de0                HAL_UARTEx_RxEventCallback
 .text.UART_Receive_IT
                0x08002de2       0xe6 CMakeFiles/UAV_V1.0.elf.dir/Drivers/STM32F1xx_HAL_Driver/Src/stm32f1xx_hal_uart.c.obj
 .text.HAL_UART_IRQHandler
                0x08002ec8      0x288 CMakeFiles/UAV_V1.0.elf.dir/Drivers/STM32F1xx_HAL_Driver/Src/stm32f1xx_hal_uart.c.obj
                0x08002ec8                HAL_UART_IRQHandler
 .text.__errno  0x08003150        0xc d:/clion2023.2/gcc-arm-none-eabi-10.3-2021.10-win32/bin/../lib/gcc/arm-none-eabi/10.3.1/../../../../arm-none-eabi/lib/thumb/v7-m/nofp\libg.a(lib_a-errno.o)
                0x08003150                __errno
 .text.__libc_init_array
                0x0800315c       0x48 d:/clion2023.2/gcc-arm-none-eabi-10.3-2021.10-win32/bin/../lib/gcc/arm-none-eabi/10.3.1/../../../../arm-none-eabi/lib/thumb/v7-m/nofp\libg.a(lib_a-init.o)
                0x0800315c                __libc_init_array
 .text.malloc   0x080031a4       0x10 d:/clion2023.2/gcc-arm-none-eabi-10.3-2021.10-win32/bin/../lib/gcc/arm-none-eabi/10.3.1/../../../../arm-none-eabi/lib/thumb/v7-m/nofp\libg.a(lib_a-malloc.o)
                0x080031a4                malloc
 .text._malloc_r
                0x080031b4      0x558 d:/clion2023.2/gcc-arm-none-eabi-10.3-2021.10-win32/bin/../lib/gcc/arm-none-eabi/10.3.1/../../../../arm-none-eabi/lib/thumb/v7-m/nofp\libg.a(lib_a-mallocr.o)
                0x080031b4                _malloc_r
 .text.memset   0x0800370c       0xa4 d:/clion2023.2/gcc-arm-none-eabi-10.3-2021.10-win32/bin/../lib/gcc/arm-none-eabi/10.3.1/../../../../arm-none-eabi/lib/thumb/v7-m/nofp\libg.a(lib_a-memset.o)
                0x0800370c                memset
 .text.__malloc_lock
                0x080037b0        0xc d:/clion2023.2/gcc-arm-none-eabi-10.3-2021.10-win32/bin/../lib/gcc/arm-none-eabi/10.3.1/../../../../arm-none-eabi/lib/thumb/v7-m/nofp\libg.a(lib_a-mlock.o)
                0x080037b0                __malloc_lock
 .text.__malloc_unlock
                0x080037bc        0xc d:/clion2023.2/gcc-arm-none-eabi-10.3-2021.10-win32/bin/../lib/gcc/arm-none-eabi/10.3.1/../../../../arm-none-eabi/lib/thumb/v7-m/nofp\libg.a(lib_a-mlock.o)
                0x080037bc                __malloc_unlock
 .text._sbrk_r  0x080037c8       0x24 d:/clion2023.2/gcc-arm-none-eabi-10.3-2021.10-win32/bin/../lib/gcc/arm-none-eabi/10.3.1/../../../../arm-none-eabi/lib/thumb/v7-m/nofp\libg.a(lib_a-sbrkr.o)
                0x080037c8                _sbrk_r
 .text.startup.register_fini
                0x080037ec       0x14 d:/clion2023.2/gcc-arm-none-eabi-10.3-2021.10-win32/bin/../lib/gcc/arm-none-eabi/10.3.1/../../../../arm-none-eabi/lib/thumb/v7-m/nofp\libg.a(lib_a-__call_atexit.o)
 .text.atexit   0x08003800        0xc d:/clion2023.2/gcc-arm-none-eabi-10.3-2021.10-win32/bin/../lib/gcc/arm-none-eabi/10.3.1/../../../../arm-none-eabi/lib/thumb/v7-m/nofp\libg.a(lib_a-atexit.o)
                0x08003800                atexit
 .text.__libc_fini_array
                0x0800380c       0x2c d:/clion2023.2/gcc-arm-none-eabi-10.3-2021.10-win32/bin/../lib/gcc/arm-none-eabi/10.3.1/../../../../arm-none-eabi/lib/thumb/v7-m/nofp\libg.a(lib_a-fini.o)
                0x0800380c                __libc_fini_array
 .text._malloc_trim_r
                0x08003838       0xa0 d:/clion2023.2/gcc-arm-none-eabi-10.3-2021.10-win32/bin/../lib/gcc/arm-none-eabi/10.3.1/../../../../arm-none-eabi/lib/thumb/v7-m/nofp\libg.a(lib_a-freer.o)
                0x08003838                _malloc_trim_r
 .text._free_r  0x080038d8      0x200 d:/clion2023.2/gcc-arm-none-eabi-10.3-2021.10-win32/bin/../lib/gcc/arm-none-eabi/10.3.1/../../../../arm-none-eabi/lib/thumb/v7-m/nofp\libg.a(lib_a-freer.o)
                0x080038d8                _free_r
 .text.__retarget_lock_acquire_recursive
                0x08003ad8        0x4 d:/clion2023.2/gcc-arm-none-eabi-10.3-2021.10-win32/bin/../lib/gcc/arm-none-eabi/10.3.1/../../../../arm-none-eabi/lib/thumb/v7-m/nofp\libg.a(lib_a-lock.o)
                0x08003ad8                __retarget_lock_acquire_recursive
 .text.__retarget_lock_release_recursive
                0x08003adc        0x4 d:/clion2023.2/gcc-arm-none-eabi-10.3-2021.10-win32/bin/../lib/gcc/arm-none-eabi/10.3.1/../../../../arm-none-eabi/lib/thumb/v7-m/nofp\libg.a(lib_a-lock.o)
                0x08003adc                __retarget_lock_release_recursive
 .text.__register_exitproc
                0x08003ae0       0x8c d:/clion2023.2/gcc-arm-none-eabi-10.3-2021.10-win32/bin/../lib/gcc/arm-none-eabi/10.3.1/../../../../arm-none-eabi/lib/thumb/v7-m/nofp\libg.a(lib_a-__atexit.o)
                0x08003ae0                __register_exitproc
 *(.glue_7)
 .glue_7        0x08003b6c        0x0 linker stubs
 *(.glue_7t)
 .glue_7t       0x08003b6c        0x0 linker stubs
 *(.eh_frame)
 .eh_frame      0x08003b6c        0x0 d:/clion2023.2/gcc-arm-none-eabi-10.3-2021.10-win32/bin/../lib/gcc/arm-none-eabi/10.3.1/thumb/v7-m/nofp/crtbegin.o
 *(.init)
 .init          0x08003b6c        0x4 d:/clion2023.2/gcc-arm-none-eabi-10.3-2021.10-win32/bin/../lib/gcc/arm-none-eabi/10.3.1/thumb/v7-m/nofp/crti.o
                0x08003b6c                _init
 .init          0x08003b70        0x8 d:/clion2023.2/gcc-arm-none-eabi-10.3-2021.10-win32/bin/../lib/gcc/arm-none-eabi/10.3.1/thumb/v7-m/nofp/crtn.o
 *(.fini)
 .fini          0x08003b78        0x4 d:/clion2023.2/gcc-arm-none-eabi-10.3-2021.10-win32/bin/../lib/gcc/arm-none-eabi/10.3.1/thumb/v7-m/nofp/crti.o
                0x08003b78                _fini
 .fini          0x08003b7c        0x8 d:/clion2023.2/gcc-arm-none-eabi-10.3-2021.10-win32/bin/../lib/gcc/arm-none-eabi/10.3.1/thumb/v7-m/nofp/crtn.o
                0x08003b84                . = ALIGN (0x4)
                0x08003b84                _etext = .

.vfp11_veneer   0x08003b84        0x0
 .vfp11_veneer  0x08003b84        0x0 linker stubs

.v4_bx          0x08003b84        0x0
 .v4_bx         0x08003b84        0x0 linker stubs

.iplt           0x08003b84        0x0
 .iplt          0x08003b84        0x0 d:/clion2023.2/gcc-arm-none-eabi-10.3-2021.10-win32/bin/../lib/gcc/arm-none-eabi/10.3.1/thumb/v7-m/nofp/crtbegin.o

.rodata         0x08003b84       0x30
                0x08003b84                . = ALIGN (0x4)
 *(.rodata)
 *(.rodata*)
 .rodata.AHBPrescTable
                0x08003b84       0x10 CMakeFiles/UAV_V1.0.elf.dir/Core/Src/system_stm32f1xx.c.obj
                0x08003b84                AHBPrescTable
 .rodata.APBPrescTable
                0x08003b94        0x8 CMakeFiles/UAV_V1.0.elf.dir/Core/Src/system_stm32f1xx.c.obj
                0x08003b94                APBPrescTable
 .rodata.aPLLMULFactorTable.1
                0x08003b9c       0x10 CMakeFiles/UAV_V1.0.elf.dir/Drivers/STM32F1xx_HAL_Driver/Src/stm32f1xx_hal_rcc.c.obj
 .rodata.aPredivFactorTable.0
                0x08003bac        0x2 CMakeFiles/UAV_V1.0.elf.dir/Drivers/STM32F1xx_HAL_Driver/Src/stm32f1xx_hal_rcc.c.obj
 *fill*         0x08003bae        0x2 
 .rodata._global_impure_ptr
                0x08003bb0        0x4 d:/clion2023.2/gcc-arm-none-eabi-10.3-2021.10-win32/bin/../lib/gcc/arm-none-eabi/10.3.1/../../../../arm-none-eabi/lib/thumb/v7-m/nofp\libg.a(lib_a-impure.o)
                0x08003bb0                _global_impure_ptr
                0x08003bb4                . = ALIGN (0x4)

.rel.dyn        0x08003bb4        0x0
 .rel.iplt      0x08003bb4        0x0 d:/clion2023.2/gcc-arm-none-eabi-10.3-2021.10-win32/bin/../lib/gcc/arm-none-eabi/10.3.1/thumb/v7-m/nofp/crtbegin.o

.ARM.extab      0x08003bb4        0x0
                0x08003bb4                . = ALIGN (0x4)
 *(.ARM.extab* .gnu.linkonce.armextab.*)
                0x08003bb4                . = ALIGN (0x4)

.ARM            0x08003bb4        0x0
                0x08003bb4                . = ALIGN (0x4)
                0x08003bb4                __exidx_start = .
 *(.ARM.exidx*)
                0x08003bb4                __exidx_end = .
                0x08003bb4                . = ALIGN (0x4)

.preinit_array  0x08003bb4        0x0
                0x08003bb4                . = ALIGN (0x4)
                0x08003bb4                PROVIDE (__preinit_array_start = .)
 *(.preinit_array*)
                0x08003bb4                PROVIDE (__preinit_array_end = .)
                0x08003bb4                . = ALIGN (0x4)

.init_array     0x08003bb4        0x8
                0x08003bb4                . = ALIGN (0x4)
                0x08003bb4                PROVIDE (__init_array_start = .)
 *(SORT_BY_NAME(.init_array.*))
 .init_array.00000
                0x08003bb4        0x4 d:/clion2023.2/gcc-arm-none-eabi-10.3-2021.10-win32/bin/../lib/gcc/arm-none-eabi/10.3.1/../../../../arm-none-eabi/lib/thumb/v7-m/nofp\libg.a(lib_a-__call_atexit.o)
 *(.init_array*)
 .init_array    0x08003bb8        0x4 d:/clion2023.2/gcc-arm-none-eabi-10.3-2021.10-win32/bin/../lib/gcc/arm-none-eabi/10.3.1/thumb/v7-m/nofp/crtbegin.o
                0x08003bbc                PROVIDE (__init_array_end = .)
                0x08003bbc                . = ALIGN (0x4)

.fini_array     0x08003bbc        0x4
                0x08003bbc                . = ALIGN (0x4)
                0x08003bbc                PROVIDE (__fini_array_start = .)
 *(SORT_BY_NAME(.fini_array.*))
 *(.fini_array*)
 .fini_array    0x08003bbc        0x4 d:/clion2023.2/gcc-arm-none-eabi-10.3-2021.10-win32/bin/../lib/gcc/arm-none-eabi/10.3.1/thumb/v7-m/nofp/crtbegin.o
                0x08003bc0                PROVIDE (__fini_array_end = .)
                0x08003bc0                . = ALIGN (0x4)
                0x08003bc0                _sidata = LOADADDR (.data)

.data           0x20000000      0x854 load address 0x08003bc0
                0x20000000                . = ALIGN (0x4)
                0x20000000                _sdata = .
 *(.data)
 *(.data*)
 .data.Mpu6050Addr
                0x20000000        0x2 CMakeFiles/UAV_V1.0.elf.dir/BSP/IMU/IMU.c.obj
 *fill*         0x20000002        0x2 
 .data.SystemCoreClock
                0x20000004        0x4 CMakeFiles/UAV_V1.0.elf.dir/Core/Src/system_stm32f1xx.c.obj
                0x20000004                SystemCoreClock
 .data.uwTickFreq
                0x20000008        0x1 CMakeFiles/UAV_V1.0.elf.dir/Drivers/STM32F1xx_HAL_Driver/Src/stm32f1xx_hal.c.obj
                0x20000008                uwTickFreq
 *fill*         0x20000009        0x3 
 .data.uwTickPrio
                0x2000000c        0x4 CMakeFiles/UAV_V1.0.elf.dir/Drivers/STM32F1xx_HAL_Driver/Src/stm32f1xx_hal.c.obj
                0x2000000c                uwTickPrio
 .data._impure_ptr
                0x20000010        0x4 d:/clion2023.2/gcc-arm-none-eabi-10.3-2021.10-win32/bin/../lib/gcc/arm-none-eabi/10.3.1/../../../../arm-none-eabi/lib/thumb/v7-m/nofp\libg.a(lib_a-impure.o)
                0x20000010                _impure_ptr
 *fill*         0x20000014        0x4 
 .data.impure_data
                0x20000018      0x428 d:/clion2023.2/gcc-arm-none-eabi-10.3-2021.10-win32/bin/../lib/gcc/arm-none-eabi/10.3.1/../../../../arm-none-eabi/lib/thumb/v7-m/nofp\libg.a(lib_a-impure.o)
 .data.__malloc_av_
                0x20000440      0x408 d:/clion2023.2/gcc-arm-none-eabi-10.3-2021.10-win32/bin/../lib/gcc/arm-none-eabi/10.3.1/../../../../arm-none-eabi/lib/thumb/v7-m/nofp\libg.a(lib_a-mallocr.o)
                0x20000440                __malloc_av_
 .data.__malloc_sbrk_base
                0x20000848        0x4 d:/clion2023.2/gcc-arm-none-eabi-10.3-2021.10-win32/bin/../lib/gcc/arm-none-eabi/10.3.1/../../../../arm-none-eabi/lib/thumb/v7-m/nofp\libg.a(lib_a-mallocr.o)
                0x20000848                __malloc_sbrk_base
 .data.__malloc_trim_threshold
                0x2000084c        0x4 d:/clion2023.2/gcc-arm-none-eabi-10.3-2021.10-win32/bin/../lib/gcc/arm-none-eabi/10.3.1/../../../../arm-none-eabi/lib/thumb/v7-m/nofp\libg.a(lib_a-mallocr.o)
                0x2000084c                __malloc_trim_threshold
 .data.__atexit_recursive_mutex
                0x20000850        0x4 d:/clion2023.2/gcc-arm-none-eabi-10.3-2021.10-win32/bin/../lib/gcc/arm-none-eabi/10.3.1/../../../../arm-none-eabi/lib/thumb/v7-m/nofp\libg.a(lib_a-__call_atexit.o)
                0x20000850                __atexit_recursive_mutex
 *(.RamFunc)
 *(.RamFunc*)
                0x20000854                . = ALIGN (0x4)
                0x20000854                _edata = .

.igot.plt       0x20000854        0x0 load address 0x08004414
 .igot.plt      0x20000854        0x0 d:/clion2023.2/gcc-arm-none-eabi-10.3-2021.10-win32/bin/../lib/gcc/arm-none-eabi/10.3.1/thumb/v7-m/nofp/crtbegin.o
                0x20000854                . = ALIGN (0x4)

.bss            0x20000854      0x244 load address 0x08004414
                0x20000854                _sbss = .
                0x20000854                __bss_start__ = _sbss
 *(.bss)
 .bss           0x20000854       0x1c d:/clion2023.2/gcc-arm-none-eabi-10.3-2021.10-win32/bin/../lib/gcc/arm-none-eabi/10.3.1/thumb/v7-m/nofp/crtbegin.o
 *(.bss*)
 .bss.drone_sta
                0x20000870        0x1 CMakeFiles/UAV_V1.0.elf.dir/Application/Control/control.c.obj
                0x20000870                drone_sta
 *fill*         0x20000871        0x3 
 .bss.motor_down_left
                0x20000874        0x4 CMakeFiles/UAV_V1.0.elf.dir/BSP/Motor/motor.c.obj
                0x20000874                motor_down_left
 .bss.motor_down_right
                0x20000878        0x4 CMakeFiles/UAV_V1.0.elf.dir/BSP/Motor/motor.c.obj
                0x20000878                motor_down_right
 .bss.motor_up_left
                0x2000087c        0x4 CMakeFiles/UAV_V1.0.elf.dir/BSP/Motor/motor.c.obj
                0x2000087c                motor_up_left
 .bss.motor_up_right
                0x20000880        0x4 CMakeFiles/UAV_V1.0.elf.dir/BSP/Motor/motor.c.obj
                0x20000880                motor_up_right
 .bss.ppm_data  0x20000884       0x18 CMakeFiles/UAV_V1.0.elf.dir/BSP/Parse/ppm.c.obj
                0x20000884                ppm_data
 .bss.hi2c2     0x2000089c       0x54 CMakeFiles/UAV_V1.0.elf.dir/Core/Src/i2c.c.obj
                0x2000089c                hi2c2
 .bss.__sbrk_heap_end
                0x200008f0        0x4 CMakeFiles/UAV_V1.0.elf.dir/Core/Src/sysmem.c.obj
 .bss.htim2     0x200008f4       0x48 CMakeFiles/UAV_V1.0.elf.dir/Core/Src/tim.c.obj
                0x200008f4                htim2
 .bss.htim4     0x2000093c       0x48 CMakeFiles/UAV_V1.0.elf.dir/Core/Src/tim.c.obj
                0x2000093c                htim4
 .bss.hdma_usart1_rx
                0x20000984       0x44 CMakeFiles/UAV_V1.0.elf.dir/Core/Src/usart.c.obj
                0x20000984                hdma_usart1_rx
 .bss.hdma_usart1_tx
                0x200009c8       0x44 CMakeFiles/UAV_V1.0.elf.dir/Core/Src/usart.c.obj
                0x200009c8                hdma_usart1_tx
 .bss.huart1    0x20000a0c       0x48 CMakeFiles/UAV_V1.0.elf.dir/Core/Src/usart.c.obj
                0x20000a0c                huart1
 .bss.uwTick    0x20000a54        0x4 CMakeFiles/UAV_V1.0.elf.dir/Drivers/STM32F1xx_HAL_Driver/Src/stm32f1xx_hal.c.obj
                0x20000a54                uwTick
 .bss.__malloc_current_mallinfo
                0x20000a58       0x28 d:/clion2023.2/gcc-arm-none-eabi-10.3-2021.10-win32/bin/../lib/gcc/arm-none-eabi/10.3.1/../../../../arm-none-eabi/lib/thumb/v7-m/nofp\libg.a(lib_a-mallocr.o)
                0x20000a58                __malloc_current_mallinfo
 .bss.__malloc_max_sbrked_mem
                0x20000a80        0x4 d:/clion2023.2/gcc-arm-none-eabi-10.3-2021.10-win32/bin/../lib/gcc/arm-none-eabi/10.3.1/../../../../arm-none-eabi/lib/thumb/v7-m/nofp\libg.a(lib_a-mallocr.o)
                0x20000a80                __malloc_max_sbrked_mem
 .bss.__malloc_max_total_mem
                0x20000a84        0x4 d:/clion2023.2/gcc-arm-none-eabi-10.3-2021.10-win32/bin/../lib/gcc/arm-none-eabi/10.3.1/../../../../arm-none-eabi/lib/thumb/v7-m/nofp\libg.a(lib_a-mallocr.o)
                0x20000a84                __malloc_max_total_mem
 .bss.__malloc_top_pad
                0x20000a88        0x4 d:/clion2023.2/gcc-arm-none-eabi-10.3-2021.10-win32/bin/../lib/gcc/arm-none-eabi/10.3.1/../../../../arm-none-eabi/lib/thumb/v7-m/nofp\libg.a(lib_a-mallocr.o)
                0x20000a88                __malloc_top_pad
 .bss.__lock___atexit_recursive_mutex
                0x20000a8c        0x1 d:/clion2023.2/gcc-arm-none-eabi-10.3-2021.10-win32/bin/../lib/gcc/arm-none-eabi/10.3.1/../../../../arm-none-eabi/lib/thumb/v7-m/nofp\libg.a(lib_a-lock.o)
                0x20000a8c                __lock___atexit_recursive_mutex
 *fill*         0x20000a8d        0x3 
 .bss.__lock___malloc_recursive_mutex
                0x20000a90        0x1 d:/clion2023.2/gcc-arm-none-eabi-10.3-2021.10-win32/bin/../lib/gcc/arm-none-eabi/10.3.1/../../../../arm-none-eabi/lib/thumb/v7-m/nofp\libg.a(lib_a-lock.o)
                0x20000a90                __lock___malloc_recursive_mutex
 *fill*         0x20000a91        0x3 
 .bss.errno     0x20000a94        0x4 d:/clion2023.2/gcc-arm-none-eabi-10.3-2021.10-win32/bin/../lib/gcc/arm-none-eabi/10.3.1/../../../../arm-none-eabi/lib/thumb/v7-m/nofp\libg.a(lib_a-reent.o)
                0x20000a94                errno
 *(COMMON)
                0x20000a98                . = ALIGN (0x4)
                0x20000a98                _ebss = .
                0x20000a98                __bss_end__ = _ebss

._user_heap_stack
                0x20000a98      0x600 load address 0x08004414
                0x20000a98                . = ALIGN (0x8)
                [!provide]                PROVIDE (end = .)
                0x20000a98                PROVIDE (_end = .)
                0x20000c98                . = (. + _Min_Heap_Size)
 *fill*         0x20000a98      0x200 
                0x20001098                . = (. + _Min_Stack_Size)
 *fill*         0x20000c98      0x400 
                0x20001098                . = ALIGN (0x8)

/DISCARD/
 libc.a(*)
 libm.a(*)
 libgcc.a(*)

.ARM.attributes
                0x00000000       0x29
 *(.ARM.attributes)
 .ARM.attributes
                0x00000000       0x1d d:/clion2023.2/gcc-arm-none-eabi-10.3-2021.10-win32/bin/../lib/gcc/arm-none-eabi/10.3.1/thumb/v7-m/nofp/crti.o
 .ARM.attributes
                0x0000001d       0x2d d:/clion2023.2/gcc-arm-none-eabi-10.3-2021.10-win32/bin/../lib/gcc/arm-none-eabi/10.3.1/thumb/v7-m/nofp/crtbegin.o
 .ARM.attributes
                0x0000004a       0x2d CMakeFiles/UAV_V1.0.elf.dir/Application/Control/control.c.obj
 .ARM.attributes
                0x00000077       0x2d CMakeFiles/UAV_V1.0.elf.dir/BSP/IMU/IMU.c.obj
 .ARM.attributes
                0x000000a4       0x2d CMakeFiles/UAV_V1.0.elf.dir/BSP/Motor/motor.c.obj
 .ARM.attributes
                0x000000d1       0x2d CMakeFiles/UAV_V1.0.elf.dir/BSP/Parse/ppm.c.obj
 .ARM.attributes
                0x000000fe       0x2d CMakeFiles/UAV_V1.0.elf.dir/Core/Src/dma.c.obj
 .ARM.attributes
                0x0000012b       0x2d CMakeFiles/UAV_V1.0.elf.dir/Core/Src/gpio.c.obj
 .ARM.attributes
                0x00000158       0x2d CMakeFiles/UAV_V1.0.elf.dir/Core/Src/i2c.c.obj
 .ARM.attributes
                0x00000185       0x2d CMakeFiles/UAV_V1.0.elf.dir/Core/Src/main.c.obj
 .ARM.attributes
                0x000001b2       0x2d CMakeFiles/UAV_V1.0.elf.dir/Core/Src/stm32f1xx_hal_msp.c.obj
 .ARM.attributes
                0x000001df       0x2d CMakeFiles/UAV_V1.0.elf.dir/Core/Src/stm32f1xx_it.c.obj
 .ARM.attributes
                0x0000020c       0x2d CMakeFiles/UAV_V1.0.elf.dir/Core/Src/sysmem.c.obj
 .ARM.attributes
                0x00000239       0x2d CMakeFiles/UAV_V1.0.elf.dir/Core/Src/system_stm32f1xx.c.obj
 .ARM.attributes
                0x00000266       0x2d CMakeFiles/UAV_V1.0.elf.dir/Core/Src/tim.c.obj
 .ARM.attributes
                0x00000293       0x2d CMakeFiles/UAV_V1.0.elf.dir/Core/Src/usart.c.obj
 .ARM.attributes
                0x000002c0       0x21 CMakeFiles/UAV_V1.0.elf.dir/Core/Startup/startup_stm32f103c8tx.s.obj
 .ARM.attributes
                0x000002e1       0x2d CMakeFiles/UAV_V1.0.elf.dir/Drivers/STM32F1xx_HAL_Driver/Src/stm32f1xx_hal.c.obj
 .ARM.attributes
                0x0000030e       0x2d CMakeFiles/UAV_V1.0.elf.dir/Drivers/STM32F1xx_HAL_Driver/Src/stm32f1xx_hal_cortex.c.obj
 .ARM.attributes
                0x0000033b       0x2d CMakeFiles/UAV_V1.0.elf.dir/Drivers/STM32F1xx_HAL_Driver/Src/stm32f1xx_hal_dma.c.obj
 .ARM.attributes
                0x00000368       0x2d CMakeFiles/UAV_V1.0.elf.dir/Drivers/STM32F1xx_HAL_Driver/Src/stm32f1xx_hal_gpio.c.obj
 .ARM.attributes
                0x00000395       0x2d CMakeFiles/UAV_V1.0.elf.dir/Drivers/STM32F1xx_HAL_Driver/Src/stm32f1xx_hal_i2c.c.obj
 .ARM.attributes
                0x000003c2       0x2d CMakeFiles/UAV_V1.0.elf.dir/Drivers/STM32F1xx_HAL_Driver/Src/stm32f1xx_hal_rcc.c.obj
 .ARM.attributes
                0x000003ef       0x2d CMakeFiles/UAV_V1.0.elf.dir/Drivers/STM32F1xx_HAL_Driver/Src/stm32f1xx_hal_tim.c.obj
 .ARM.attributes
                0x0000041c       0x2d CMakeFiles/UAV_V1.0.elf.dir/Drivers/STM32F1xx_HAL_Driver/Src/stm32f1xx_hal_tim_ex.c.obj
 .ARM.attributes
                0x00000449       0x2d CMakeFiles/UAV_V1.0.elf.dir/Drivers/STM32F1xx_HAL_Driver/Src/stm32f1xx_hal_uart.c.obj
 .ARM.attributes
                0x00000476       0x2d d:/clion2023.2/gcc-arm-none-eabi-10.3-2021.10-win32/bin/../lib/gcc/arm-none-eabi/10.3.1/../../../../arm-none-eabi/lib/thumb/v7-m/nofp\libg.a(lib_a-errno.o)
 .ARM.attributes
                0x000004a3       0x2d d:/clion2023.2/gcc-arm-none-eabi-10.3-2021.10-win32/bin/../lib/gcc/arm-none-eabi/10.3.1/../../../../arm-none-eabi/lib/thumb/v7-m/nofp\libg.a(lib_a-impure.o)
 .ARM.attributes
                0x000004d0       0x2d d:/clion2023.2/gcc-arm-none-eabi-10.3-2021.10-win32/bin/../lib/gcc/arm-none-eabi/10.3.1/../../../../arm-none-eabi/lib/thumb/v7-m/nofp\libg.a(lib_a-init.o)
 .ARM.attributes
                0x000004fd       0x2d d:/clion2023.2/gcc-arm-none-eabi-10.3-2021.10-win32/bin/../lib/gcc/arm-none-eabi/10.3.1/../../../../arm-none-eabi/lib/thumb/v7-m/nofp\libg.a(lib_a-malloc.o)
 .ARM.attributes
                0x0000052a       0x2d d:/clion2023.2/gcc-arm-none-eabi-10.3-2021.10-win32/bin/../lib/gcc/arm-none-eabi/10.3.1/../../../../arm-none-eabi/lib/thumb/v7-m/nofp\libg.a(lib_a-mallocr.o)
 .ARM.attributes
                0x00000557       0x2d d:/clion2023.2/gcc-arm-none-eabi-10.3-2021.10-win32/bin/../lib/gcc/arm-none-eabi/10.3.1/../../../../arm-none-eabi/lib/thumb/v7-m/nofp\libg.a(lib_a-memset.o)
 .ARM.attributes
                0x00000584       0x2d d:/clion2023.2/gcc-arm-none-eabi-10.3-2021.10-win32/bin/../lib/gcc/arm-none-eabi/10.3.1/../../../../arm-none-eabi/lib/thumb/v7-m/nofp\libg.a(lib_a-mlock.o)
 .ARM.attributes
                0x000005b1       0x2d d:/clion2023.2/gcc-arm-none-eabi-10.3-2021.10-win32/bin/../lib/gcc/arm-none-eabi/10.3.1/../../../../arm-none-eabi/lib/thumb/v7-m/nofp\libg.a(lib_a-sbrkr.o)
 .ARM.attributes
                0x000005de       0x2d d:/clion2023.2/gcc-arm-none-eabi-10.3-2021.10-win32/bin/../lib/gcc/arm-none-eabi/10.3.1/../../../../arm-none-eabi/lib/thumb/v7-m/nofp\libg.a(lib_a-__call_atexit.o)
 .ARM.attributes
                0x0000060b       0x2d d:/clion2023.2/gcc-arm-none-eabi-10.3-2021.10-win32/bin/../lib/gcc/arm-none-eabi/10.3.1/../../../../arm-none-eabi/lib/thumb/v7-m/nofp\libg.a(lib_a-atexit.o)
 .ARM.attributes
                0x00000638       0x2d d:/clion2023.2/gcc-arm-none-eabi-10.3-2021.10-win32/bin/../lib/gcc/arm-none-eabi/10.3.1/../../../../arm-none-eabi/lib/thumb/v7-m/nofp\libg.a(lib_a-fini.o)
 .ARM.attributes
                0x00000665       0x2d d:/clion2023.2/gcc-arm-none-eabi-10.3-2021.10-win32/bin/../lib/gcc/arm-none-eabi/10.3.1/../../../../arm-none-eabi/lib/thumb/v7-m/nofp\libg.a(lib_a-freer.o)
 .ARM.attributes
                0x00000692       0x2d d:/clion2023.2/gcc-arm-none-eabi-10.3-2021.10-win32/bin/../lib/gcc/arm-none-eabi/10.3.1/../../../../arm-none-eabi/lib/thumb/v7-m/nofp\libg.a(lib_a-lock.o)
 .ARM.attributes
                0x000006bf       0x2d d:/clion2023.2/gcc-arm-none-eabi-10.3-2021.10-win32/bin/../lib/gcc/arm-none-eabi/10.3.1/../../../../arm-none-eabi/lib/thumb/v7-m/nofp\libg.a(lib_a-reent.o)
 .ARM.attributes
                0x000006ec       0x2d d:/clion2023.2/gcc-arm-none-eabi-10.3-2021.10-win32/bin/../lib/gcc/arm-none-eabi/10.3.1/../../../../arm-none-eabi/lib/thumb/v7-m/nofp\libg.a(lib_a-__atexit.o)
 .ARM.attributes
                0x00000719       0x1d d:/clion2023.2/gcc-arm-none-eabi-10.3-2021.10-win32/bin/../lib/gcc/arm-none-eabi/10.3.1/thumb/v7-m/nofp/crtn.o
OUTPUT(UAV_V1.0.elf elf32-littlearm)
LOAD linker stubs
LOAD d:/clion2023.2/gcc-arm-none-eabi-10.3-2021.10-win32/bin/../lib/gcc/arm-none-eabi/10.3.1/../../../../arm-none-eabi/lib/thumb/v7-m/nofp\libc.a
LOAD d:/clion2023.2/gcc-arm-none-eabi-10.3-2021.10-win32/bin/../lib/gcc/arm-none-eabi/10.3.1/../../../../arm-none-eabi/lib/thumb/v7-m/nofp\libm.a
LOAD d:/clion2023.2/gcc-arm-none-eabi-10.3-2021.10-win32/bin/../lib/gcc/arm-none-eabi/10.3.1/thumb/v7-m/nofp\libgcc.a

.debug_info     0x00000000    0x15c26
 .debug_info    0x00000000      0x2e7 CMakeFiles/UAV_V1.0.elf.dir/Application/Control/control.c.obj
 .debug_info    0x000002e7      0xb4b CMakeFiles/UAV_V1.0.elf.dir/BSP/IMU/IMU.c.obj
 .debug_info    0x00000e32      0x8cb CMakeFiles/UAV_V1.0.elf.dir/BSP/Motor/motor.c.obj
 .debug_info    0x000016fd      0x788 CMakeFiles/UAV_V1.0.elf.dir/BSP/Parse/ppm.c.obj
 .debug_info    0x00001e85      0x324 CMakeFiles/UAV_V1.0.elf.dir/Core/Src/dma.c.obj
 .debug_info    0x000021a9      0x4a3 CMakeFiles/UAV_V1.0.elf.dir/Core/Src/gpio.c.obj
 .debug_info    0x0000264c      0x8a6 CMakeFiles/UAV_V1.0.elf.dir/Core/Src/i2c.c.obj
 .debug_info    0x00002ef2      0x678 CMakeFiles/UAV_V1.0.elf.dir/Core/Src/main.c.obj
 .debug_info    0x0000356a      0x211 CMakeFiles/UAV_V1.0.elf.dir/Core/Src/stm32f1xx_hal_msp.c.obj
 .debug_info    0x0000377b      0x6e3 CMakeFiles/UAV_V1.0.elf.dir/Core/Src/stm32f1xx_it.c.obj
 .debug_info    0x00003e5e      0x174 CMakeFiles/UAV_V1.0.elf.dir/Core/Src/sysmem.c.obj
 .debug_info    0x00003fd2      0x248 CMakeFiles/UAV_V1.0.elf.dir/Core/Src/system_stm32f1xx.c.obj
 .debug_info    0x0000421a      0xc50 CMakeFiles/UAV_V1.0.elf.dir/Core/Src/tim.c.obj
 .debug_info    0x00004e6a      0xa9e CMakeFiles/UAV_V1.0.elf.dir/Core/Src/usart.c.obj
 .debug_info    0x00005908       0x22 CMakeFiles/UAV_V1.0.elf.dir/Core/Startup/startup_stm32f103c8tx.s.obj
 .debug_info    0x0000592a      0x7a8 CMakeFiles/UAV_V1.0.elf.dir/Drivers/STM32F1xx_HAL_Driver/Src/stm32f1xx_hal.c.obj
 .debug_info    0x000060d2      0xd8a CMakeFiles/UAV_V1.0.elf.dir/Drivers/STM32F1xx_HAL_Driver/Src/stm32f1xx_hal_cortex.c.obj
 .debug_info    0x00006e5c      0x84b CMakeFiles/UAV_V1.0.elf.dir/Drivers/STM32F1xx_HAL_Driver/Src/stm32f1xx_hal_dma.c.obj
 .debug_info    0x000076a7      0x66f CMakeFiles/UAV_V1.0.elf.dir/Drivers/STM32F1xx_HAL_Driver/Src/stm32f1xx_hal_gpio.c.obj
 .debug_info    0x00007d16     0x3ab6 CMakeFiles/UAV_V1.0.elf.dir/Drivers/STM32F1xx_HAL_Driver/Src/stm32f1xx_hal_i2c.c.obj
 .debug_info    0x0000b7cc      0xa3b CMakeFiles/UAV_V1.0.elf.dir/Drivers/STM32F1xx_HAL_Driver/Src/stm32f1xx_hal_rcc.c.obj
 .debug_info    0x0000c207     0x3d52 CMakeFiles/UAV_V1.0.elf.dir/Drivers/STM32F1xx_HAL_Driver/Src/stm32f1xx_hal_tim.c.obj
 .debug_info    0x0000ff59     0x1abb CMakeFiles/UAV_V1.0.elf.dir/Drivers/STM32F1xx_HAL_Driver/Src/stm32f1xx_hal_tim_ex.c.obj
 .debug_info    0x00011a14     0x4212 CMakeFiles/UAV_V1.0.elf.dir/Drivers/STM32F1xx_HAL_Driver/Src/stm32f1xx_hal_uart.c.obj

.debug_abbrev   0x00000000     0x2b54
 .debug_abbrev  0x00000000      0x158 CMakeFiles/UAV_V1.0.elf.dir/Application/Control/control.c.obj
 .debug_abbrev  0x00000158      0x206 CMakeFiles/UAV_V1.0.elf.dir/BSP/IMU/IMU.c.obj
 .debug_abbrev  0x0000035e      0x1dd CMakeFiles/UAV_V1.0.elf.dir/BSP/Motor/motor.c.obj
 .debug_abbrev  0x0000053b      0x1c2 CMakeFiles/UAV_V1.0.elf.dir/BSP/Parse/ppm.c.obj
 .debug_abbrev  0x000006fd      0x114 CMakeFiles/UAV_V1.0.elf.dir/Core/Src/dma.c.obj
 .debug_abbrev  0x00000811      0x158 CMakeFiles/UAV_V1.0.elf.dir/Core/Src/gpio.c.obj
 .debug_abbrev  0x00000969      0x1c1 CMakeFiles/UAV_V1.0.elf.dir/Core/Src/i2c.c.obj
 .debug_abbrev  0x00000b2a      0x1f0 CMakeFiles/UAV_V1.0.elf.dir/Core/Src/main.c.obj
 .debug_abbrev  0x00000d1a       0xe5 CMakeFiles/UAV_V1.0.elf.dir/Core/Src/stm32f1xx_hal_msp.c.obj
 .debug_abbrev  0x00000dff      0x185 CMakeFiles/UAV_V1.0.elf.dir/Core/Src/stm32f1xx_it.c.obj
 .debug_abbrev  0x00000f84       0xe7 CMakeFiles/UAV_V1.0.elf.dir/Core/Src/sysmem.c.obj
 .debug_abbrev  0x0000106b      0x13e CMakeFiles/UAV_V1.0.elf.dir/Core/Src/system_stm32f1xx.c.obj
 .debug_abbrev  0x000011a9      0x200 CMakeFiles/UAV_V1.0.elf.dir/Core/Src/tim.c.obj
 .debug_abbrev  0x000013a9      0x1e4 CMakeFiles/UAV_V1.0.elf.dir/Core/Src/usart.c.obj
 .debug_abbrev  0x0000158d       0x12 CMakeFiles/UAV_V1.0.elf.dir/Core/Startup/startup_stm32f103c8tx.s.obj
 .debug_abbrev  0x0000159f      0x1f4 CMakeFiles/UAV_V1.0.elf.dir/Drivers/STM32F1xx_HAL_Driver/Src/stm32f1xx_hal.c.obj
 .debug_abbrev  0x00001793      0x341 CMakeFiles/UAV_V1.0.elf.dir/Drivers/STM32F1xx_HAL_Driver/Src/stm32f1xx_hal_cortex.c.obj
 .debug_abbrev  0x00001ad4      0x223 CMakeFiles/UAV_V1.0.elf.dir/Drivers/STM32F1xx_HAL_Driver/Src/stm32f1xx_hal_dma.c.obj
 .debug_abbrev  0x00001cf7      0x1e6 CMakeFiles/UAV_V1.0.elf.dir/Drivers/STM32F1xx_HAL_Driver/Src/stm32f1xx_hal_gpio.c.obj
 .debug_abbrev  0x00001edd      0x293 CMakeFiles/UAV_V1.0.elf.dir/Drivers/STM32F1xx_HAL_Driver/Src/stm32f1xx_hal_i2c.c.obj
 .debug_abbrev  0x00002170      0x27a CMakeFiles/UAV_V1.0.elf.dir/Drivers/STM32F1xx_HAL_Driver/Src/stm32f1xx_hal_rcc.c.obj
 .debug_abbrev  0x000023ea      0x245 CMakeFiles/UAV_V1.0.elf.dir/Drivers/STM32F1xx_HAL_Driver/Src/stm32f1xx_hal_tim.c.obj
 .debug_abbrev  0x0000262f      0x248 CMakeFiles/UAV_V1.0.elf.dir/Drivers/STM32F1xx_HAL_Driver/Src/stm32f1xx_hal_tim_ex.c.obj
 .debug_abbrev  0x00002877      0x2dd CMakeFiles/UAV_V1.0.elf.dir/Drivers/STM32F1xx_HAL_Driver/Src/stm32f1xx_hal_uart.c.obj

.debug_aranges  0x00000000      0xfb0
 .debug_aranges
                0x00000000       0x20 CMakeFiles/UAV_V1.0.elf.dir/Application/Control/control.c.obj
 .debug_aranges
                0x00000020       0x58 CMakeFiles/UAV_V1.0.elf.dir/BSP/IMU/IMU.c.obj
 .debug_aranges
                0x00000078       0x30 CMakeFiles/UAV_V1.0.elf.dir/BSP/Motor/motor.c.obj
 .debug_aranges
                0x000000a8       0x28 CMakeFiles/UAV_V1.0.elf.dir/BSP/Parse/ppm.c.obj
 .debug_aranges
                0x000000d0       0x20 CMakeFiles/UAV_V1.0.elf.dir/Core/Src/dma.c.obj
 .debug_aranges
                0x000000f0       0x20 CMakeFiles/UAV_V1.0.elf.dir/Core/Src/gpio.c.obj
 .debug_aranges
                0x00000110       0x30 CMakeFiles/UAV_V1.0.elf.dir/Core/Src/i2c.c.obj
 .debug_aranges
                0x00000140       0x30 CMakeFiles/UAV_V1.0.elf.dir/Core/Src/main.c.obj
 .debug_aranges
                0x00000170       0x20 CMakeFiles/UAV_V1.0.elf.dir/Core/Src/stm32f1xx_hal_msp.c.obj
 .debug_aranges
                0x00000190       0x80 CMakeFiles/UAV_V1.0.elf.dir/Core/Src/stm32f1xx_it.c.obj
 .debug_aranges
                0x00000210       0x20 CMakeFiles/UAV_V1.0.elf.dir/Core/Src/sysmem.c.obj
 .debug_aranges
                0x00000230       0x28 CMakeFiles/UAV_V1.0.elf.dir/Core/Src/system_stm32f1xx.c.obj
 .debug_aranges
                0x00000258       0x40 CMakeFiles/UAV_V1.0.elf.dir/Core/Src/tim.c.obj
 .debug_aranges
                0x00000298       0x30 CMakeFiles/UAV_V1.0.elf.dir/Core/Src/usart.c.obj
 .debug_aranges
                0x000002c8       0x28 CMakeFiles/UAV_V1.0.elf.dir/Core/Startup/startup_stm32f103c8tx.s.obj
 .debug_aranges
                0x000002f0       0xe0 CMakeFiles/UAV_V1.0.elf.dir/Drivers/STM32F1xx_HAL_Driver/Src/stm32f1xx_hal.c.obj
 .debug_aranges
                0x000003d0       0x90 CMakeFiles/UAV_V1.0.elf.dir/Drivers/STM32F1xx_HAL_Driver/Src/stm32f1xx_hal_cortex.c.obj
 .debug_aranges
                0x00000460       0x80 CMakeFiles/UAV_V1.0.elf.dir/Drivers/STM32F1xx_HAL_Driver/Src/stm32f1xx_hal_dma.c.obj
 .debug_aranges
                0x000004e0       0x58 CMakeFiles/UAV_V1.0.elf.dir/Drivers/STM32F1xx_HAL_Driver/Src/stm32f1xx_hal_gpio.c.obj
 .debug_aranges
                0x00000538      0x2a8 CMakeFiles/UAV_V1.0.elf.dir/Drivers/STM32F1xx_HAL_Driver/Src/stm32f1xx_hal_i2c.c.obj
 .debug_aranges
                0x000007e0       0x90 CMakeFiles/UAV_V1.0.elf.dir/Drivers/STM32F1xx_HAL_Driver/Src/stm32f1xx_hal_rcc.c.obj
 .debug_aranges
                0x00000870      0x3d0 CMakeFiles/UAV_V1.0.elf.dir/Drivers/STM32F1xx_HAL_Driver/Src/stm32f1xx_hal_tim.c.obj
 .debug_aranges
                0x00000c40      0x168 CMakeFiles/UAV_V1.0.elf.dir/Drivers/STM32F1xx_HAL_Driver/Src/stm32f1xx_hal_tim_ex.c.obj
 .debug_aranges
                0x00000da8      0x208 CMakeFiles/UAV_V1.0.elf.dir/Drivers/STM32F1xx_HAL_Driver/Src/stm32f1xx_hal_uart.c.obj

.debug_ranges   0x00000000      0xf00
 .debug_ranges  0x00000000       0x10 CMakeFiles/UAV_V1.0.elf.dir/Application/Control/control.c.obj
 .debug_ranges  0x00000010       0x48 CMakeFiles/UAV_V1.0.elf.dir/BSP/IMU/IMU.c.obj
 .debug_ranges  0x00000058       0x20 CMakeFiles/UAV_V1.0.elf.dir/BSP/Motor/motor.c.obj
 .debug_ranges  0x00000078       0x18 CMakeFiles/UAV_V1.0.elf.dir/BSP/Parse/ppm.c.obj
 .debug_ranges  0x00000090       0x10 CMakeFiles/UAV_V1.0.elf.dir/Core/Src/dma.c.obj
 .debug_ranges  0x000000a0       0x10 CMakeFiles/UAV_V1.0.elf.dir/Core/Src/gpio.c.obj
 .debug_ranges  0x000000b0       0x20 CMakeFiles/UAV_V1.0.elf.dir/Core/Src/i2c.c.obj
 .debug_ranges  0x000000d0       0x38 CMakeFiles/UAV_V1.0.elf.dir/Core/Src/main.c.obj
 .debug_ranges  0x00000108       0x10 CMakeFiles/UAV_V1.0.elf.dir/Core/Src/stm32f1xx_hal_msp.c.obj
 .debug_ranges  0x00000118       0x70 CMakeFiles/UAV_V1.0.elf.dir/Core/Src/stm32f1xx_it.c.obj
 .debug_ranges  0x00000188       0x10 CMakeFiles/UAV_V1.0.elf.dir/Core/Src/sysmem.c.obj
 .debug_ranges  0x00000198       0x18 CMakeFiles/UAV_V1.0.elf.dir/Core/Src/system_stm32f1xx.c.obj
 .debug_ranges  0x000001b0       0x30 CMakeFiles/UAV_V1.0.elf.dir/Core/Src/tim.c.obj
 .debug_ranges  0x000001e0       0x20 CMakeFiles/UAV_V1.0.elf.dir/Core/Src/usart.c.obj
 .debug_ranges  0x00000200       0x20 CMakeFiles/UAV_V1.0.elf.dir/Core/Startup/startup_stm32f103c8tx.s.obj
 .debug_ranges  0x00000220       0xd0 CMakeFiles/UAV_V1.0.elf.dir/Drivers/STM32F1xx_HAL_Driver/Src/stm32f1xx_hal.c.obj
 .debug_ranges  0x000002f0       0xe0 CMakeFiles/UAV_V1.0.elf.dir/Drivers/STM32F1xx_HAL_Driver/Src/stm32f1xx_hal_cortex.c.obj
 .debug_ranges  0x000003d0       0x70 CMakeFiles/UAV_V1.0.elf.dir/Drivers/STM32F1xx_HAL_Driver/Src/stm32f1xx_hal_dma.c.obj
 .debug_ranges  0x00000440       0x48 CMakeFiles/UAV_V1.0.elf.dir/Drivers/STM32F1xx_HAL_Driver/Src/stm32f1xx_hal_gpio.c.obj
 .debug_ranges  0x00000488      0x2b0 CMakeFiles/UAV_V1.0.elf.dir/Drivers/STM32F1xx_HAL_Driver/Src/stm32f1xx_hal_i2c.c.obj
 .debug_ranges  0x00000738       0xa0 CMakeFiles/UAV_V1.0.elf.dir/Drivers/STM32F1xx_HAL_Driver/Src/stm32f1xx_hal_rcc.c.obj
 .debug_ranges  0x000007d8      0x3c0 CMakeFiles/UAV_V1.0.elf.dir/Drivers/STM32F1xx_HAL_Driver/Src/stm32f1xx_hal_tim.c.obj
 .debug_ranges  0x00000b98      0x158 CMakeFiles/UAV_V1.0.elf.dir/Drivers/STM32F1xx_HAL_Driver/Src/stm32f1xx_hal_tim_ex.c.obj
 .debug_ranges  0x00000cf0      0x210 CMakeFiles/UAV_V1.0.elf.dir/Drivers/STM32F1xx_HAL_Driver/Src/stm32f1xx_hal_uart.c.obj

.debug_line     0x00000000    0x158fd
 .debug_line    0x00000000      0x277 CMakeFiles/UAV_V1.0.elf.dir/Application/Control/control.c.obj
 .debug_line    0x00000277      0x48e CMakeFiles/UAV_V1.0.elf.dir/BSP/IMU/IMU.c.obj
 .debug_line    0x00000705      0x478 CMakeFiles/UAV_V1.0.elf.dir/BSP/Motor/motor.c.obj
 .debug_line    0x00000b7d      0x2ed CMakeFiles/UAV_V1.0.elf.dir/BSP/Parse/ppm.c.obj
 .debug_line    0x00000e6a      0x1f9 CMakeFiles/UAV_V1.0.elf.dir/Core/Src/dma.c.obj
 .debug_line    0x00001063      0x25f CMakeFiles/UAV_V1.0.elf.dir/Core/Src/gpio.c.obj
 .debug_line    0x000012c2      0x357 CMakeFiles/UAV_V1.0.elf.dir/Core/Src/i2c.c.obj
 .debug_line    0x00001619      0x529 CMakeFiles/UAV_V1.0.elf.dir/Core/Src/main.c.obj
 .debug_line    0x00001b42      0x1af CMakeFiles/UAV_V1.0.elf.dir/Core/Src/stm32f1xx_hal_msp.c.obj
 .debug_line    0x00001cf1      0x3a9 CMakeFiles/UAV_V1.0.elf.dir/Core/Src/stm32f1xx_it.c.obj
 .debug_line    0x0000209a      0x1eb CMakeFiles/UAV_V1.0.elf.dir/Core/Src/sysmem.c.obj
 .debug_line    0x00002285      0x278 CMakeFiles/UAV_V1.0.elf.dir/Core/Src/system_stm32f1xx.c.obj
 .debug_line    0x000024fd      0x4df CMakeFiles/UAV_V1.0.elf.dir/Core/Src/tim.c.obj
 .debug_line    0x000029dc      0x434 CMakeFiles/UAV_V1.0.elf.dir/Core/Src/usart.c.obj
 .debug_line    0x00002e10       0xa9 CMakeFiles/UAV_V1.0.elf.dir/Core/Startup/startup_stm32f103c8tx.s.obj
 .debug_line    0x00002eb9      0x5ac CMakeFiles/UAV_V1.0.elf.dir/Drivers/STM32F1xx_HAL_Driver/Src/stm32f1xx_hal.c.obj
 .debug_line    0x00003465      0x691 CMakeFiles/UAV_V1.0.elf.dir/Drivers/STM32F1xx_HAL_Driver/Src/stm32f1xx_hal_cortex.c.obj
 .debug_line    0x00003af6      0xab2 CMakeFiles/UAV_V1.0.elf.dir/Drivers/STM32F1xx_HAL_Driver/Src/stm32f1xx_hal_dma.c.obj
 .debug_line    0x000045a8      0x639 CMakeFiles/UAV_V1.0.elf.dir/Drivers/STM32F1xx_HAL_Driver/Src/stm32f1xx_hal_gpio.c.obj
 .debug_line    0x00004be1     0x566e CMakeFiles/UAV_V1.0.elf.dir/Drivers/STM32F1xx_HAL_Driver/Src/stm32f1xx_hal_i2c.c.obj
 .debug_line    0x0000a24f      0xc76 CMakeFiles/UAV_V1.0.elf.dir/Drivers/STM32F1xx_HAL_Driver/Src/stm32f1xx_hal_rcc.c.obj
 .debug_line    0x0000aec5     0x49d1 CMakeFiles/UAV_V1.0.elf.dir/Drivers/STM32F1xx_HAL_Driver/Src/stm32f1xx_hal_tim.c.obj
 .debug_line    0x0000f896     0x1c46 CMakeFiles/UAV_V1.0.elf.dir/Drivers/STM32F1xx_HAL_Driver/Src/stm32f1xx_hal_tim_ex.c.obj
 .debug_line    0x000114dc     0x4421 CMakeFiles/UAV_V1.0.elf.dir/Drivers/STM32F1xx_HAL_Driver/Src/stm32f1xx_hal_uart.c.obj

.debug_str      0x00000000     0x4928
 .debug_str     0x00000000      0x29d CMakeFiles/UAV_V1.0.elf.dir/Application/Control/control.c.obj
                                0x2f0 (size before relaxing)
 .debug_str     0x0000029d      0x5e9 CMakeFiles/UAV_V1.0.elf.dir/BSP/IMU/IMU.c.obj
                                0x821 (size before relaxing)
 .debug_str     0x00000886      0x3b6 CMakeFiles/UAV_V1.0.elf.dir/BSP/Motor/motor.c.obj
                                0x7b8 (size before relaxing)
 .debug_str     0x00000c3c       0x8f CMakeFiles/UAV_V1.0.elf.dir/BSP/Parse/ppm.c.obj
                                0x780 (size before relaxing)
 .debug_str     0x00000ccb      0x384 CMakeFiles/UAV_V1.0.elf.dir/Core/Src/dma.c.obj
                                0x524 (size before relaxing)
 .debug_str     0x0000104f       0x77 CMakeFiles/UAV_V1.0.elf.dir/Core/Src/gpio.c.obj
                                0x5be (size before relaxing)
 .debug_str     0x000010c6       0x99 CMakeFiles/UAV_V1.0.elf.dir/Core/Src/i2c.c.obj
                                0x778 (size before relaxing)
 .debug_str     0x0000115f      0x1da CMakeFiles/UAV_V1.0.elf.dir/Core/Src/main.c.obj
                                0x555 (size before relaxing)
 .debug_str     0x00001339       0x7d CMakeFiles/UAV_V1.0.elf.dir/Core/Src/stm32f1xx_hal_msp.c.obj
                                0x263 (size before relaxing)
 .debug_str     0x000013b6      0x364 CMakeFiles/UAV_V1.0.elf.dir/Core/Src/stm32f1xx_it.c.obj
                                0x72e (size before relaxing)
 .debug_str     0x0000171a       0xa0 CMakeFiles/UAV_V1.0.elf.dir/Core/Src/sysmem.c.obj
                                0x25c (size before relaxing)
 .debug_str     0x000017ba       0xa1 CMakeFiles/UAV_V1.0.elf.dir/Core/Src/system_stm32f1xx.c.obj
                                0x298 (size before relaxing)
 .debug_str     0x0000185b      0x20d CMakeFiles/UAV_V1.0.elf.dir/Core/Src/tim.c.obj
                                0x972 (size before relaxing)
 .debug_str     0x00001a68       0xa4 CMakeFiles/UAV_V1.0.elf.dir/Core/Src/usart.c.obj
                                0xa4f (size before relaxing)
 .debug_str     0x00001b0c       0x59 CMakeFiles/UAV_V1.0.elf.dir/Core/Startup/startup_stm32f103c8tx.s.obj
                                 0x91 (size before relaxing)
 .debug_str     0x00001b65      0x315 CMakeFiles/UAV_V1.0.elf.dir/Drivers/STM32F1xx_HAL_Driver/Src/stm32f1xx_hal.c.obj
                                0x868 (size before relaxing)
 .debug_str     0x00001e7a      0x3c1 CMakeFiles/UAV_V1.0.elf.dir/Drivers/STM32F1xx_HAL_Driver/Src/stm32f1xx_hal_cortex.c.obj
                                0x917 (size before relaxing)
 .debug_str     0x0000223b      0x233 CMakeFiles/UAV_V1.0.elf.dir/Drivers/STM32F1xx_HAL_Driver/Src/stm32f1xx_hal_dma.c.obj
                                0x641 (size before relaxing)
 .debug_str     0x0000246e       0xec CMakeFiles/UAV_V1.0.elf.dir/Drivers/STM32F1xx_HAL_Driver/Src/stm32f1xx_hal_gpio.c.obj
                                0x444 (size before relaxing)
 .debug_str     0x0000255a      0x8b9 CMakeFiles/UAV_V1.0.elf.dir/Drivers/STM32F1xx_HAL_Driver/Src/stm32f1xx_hal_i2c.c.obj
                               0x1009 (size before relaxing)
 .debug_str     0x00002e13      0x1f7 CMakeFiles/UAV_V1.0.elf.dir/Drivers/STM32F1xx_HAL_Driver/Src/stm32f1xx_hal_rcc.c.obj
                                0x66f (size before relaxing)
 .debug_str     0x0000300a      0xdba CMakeFiles/UAV_V1.0.elf.dir/Drivers/STM32F1xx_HAL_Driver/Src/stm32f1xx_hal_tim.c.obj
                               0x1683 (size before relaxing)
 .debug_str     0x00003dc4      0x547 CMakeFiles/UAV_V1.0.elf.dir/Drivers/STM32F1xx_HAL_Driver/Src/stm32f1xx_hal_tim_ex.c.obj
                                0xe84 (size before relaxing)
 .debug_str     0x0000430b      0x61d CMakeFiles/UAV_V1.0.elf.dir/Drivers/STM32F1xx_HAL_Driver/Src/stm32f1xx_hal_uart.c.obj
                                0xd38 (size before relaxing)

.comment        0x00000000       0x49
 .comment       0x00000000       0x49 CMakeFiles/UAV_V1.0.elf.dir/Application/Control/control.c.obj
                                 0x4a (size before relaxing)
 .comment       0x00000049       0x4a CMakeFiles/UAV_V1.0.elf.dir/BSP/IMU/IMU.c.obj
 .comment       0x00000049       0x4a CMakeFiles/UAV_V1.0.elf.dir/BSP/Motor/motor.c.obj
 .comment       0x00000049       0x4a CMakeFiles/UAV_V1.0.elf.dir/BSP/Parse/ppm.c.obj
 .comment       0x00000049       0x4a CMakeFiles/UAV_V1.0.elf.dir/Core/Src/dma.c.obj
 .comment       0x00000049       0x4a CMakeFiles/UAV_V1.0.elf.dir/Core/Src/gpio.c.obj
 .comment       0x00000049       0x4a CMakeFiles/UAV_V1.0.elf.dir/Core/Src/i2c.c.obj
 .comment       0x00000049       0x4a CMakeFiles/UAV_V1.0.elf.dir/Core/Src/main.c.obj
 .comment       0x00000049       0x4a CMakeFiles/UAV_V1.0.elf.dir/Core/Src/stm32f1xx_hal_msp.c.obj
 .comment       0x00000049       0x4a CMakeFiles/UAV_V1.0.elf.dir/Core/Src/stm32f1xx_it.c.obj
 .comment       0x00000049       0x4a CMakeFiles/UAV_V1.0.elf.dir/Core/Src/sysmem.c.obj
 .comment       0x00000049       0x4a CMakeFiles/UAV_V1.0.elf.dir/Core/Src/system_stm32f1xx.c.obj
 .comment       0x00000049       0x4a CMakeFiles/UAV_V1.0.elf.dir/Core/Src/tim.c.obj
 .comment       0x00000049       0x4a CMakeFiles/UAV_V1.0.elf.dir/Core/Src/usart.c.obj
 .comment       0x00000049       0x4a CMakeFiles/UAV_V1.0.elf.dir/Drivers/STM32F1xx_HAL_Driver/Src/stm32f1xx_hal.c.obj
 .comment       0x00000049       0x4a CMakeFiles/UAV_V1.0.elf.dir/Drivers/STM32F1xx_HAL_Driver/Src/stm32f1xx_hal_cortex.c.obj
 .comment       0x00000049       0x4a CMakeFiles/UAV_V1.0.elf.dir/Drivers/STM32F1xx_HAL_Driver/Src/stm32f1xx_hal_dma.c.obj
 .comment       0x00000049       0x4a CMakeFiles/UAV_V1.0.elf.dir/Drivers/STM32F1xx_HAL_Driver/Src/stm32f1xx_hal_gpio.c.obj
 .comment       0x00000049       0x4a CMakeFiles/UAV_V1.0.elf.dir/Drivers/STM32F1xx_HAL_Driver/Src/stm32f1xx_hal_i2c.c.obj
 .comment       0x00000049       0x4a CMakeFiles/UAV_V1.0.elf.dir/Drivers/STM32F1xx_HAL_Driver/Src/stm32f1xx_hal_rcc.c.obj
 .comment       0x00000049       0x4a CMakeFiles/UAV_V1.0.elf.dir/Drivers/STM32F1xx_HAL_Driver/Src/stm32f1xx_hal_tim.c.obj
 .comment       0x00000049       0x4a CMakeFiles/UAV_V1.0.elf.dir/Drivers/STM32F1xx_HAL_Driver/Src/stm32f1xx_hal_tim_ex.c.obj
 .comment       0x00000049       0x4a CMakeFiles/UAV_V1.0.elf.dir/Drivers/STM32F1xx_HAL_Driver/Src/stm32f1xx_hal_uart.c.obj

.debug_frame    0x00000000     0x2e54
 .debug_frame   0x00000000       0x2c CMakeFiles/UAV_V1.0.elf.dir/Application/Control/control.c.obj
 .debug_frame   0x0000002c      0x114 CMakeFiles/UAV_V1.0.elf.dir/BSP/IMU/IMU.c.obj
 .debug_frame   0x00000140       0x4c CMakeFiles/UAV_V1.0.elf.dir/BSP/Motor/motor.c.obj
 .debug_frame   0x0000018c       0x44 CMakeFiles/UAV_V1.0.elf.dir/BSP/Parse/ppm.c.obj
 .debug_frame   0x000001d0       0x2c CMakeFiles/UAV_V1.0.elf.dir/Core/Src/dma.c.obj
 .debug_frame   0x000001fc       0x34 CMakeFiles/UAV_V1.0.elf.dir/Core/Src/gpio.c.obj
 .debug_frame   0x00000230       0x60 CMakeFiles/UAV_V1.0.elf.dir/Core/Src/i2c.c.obj
 .debug_frame   0x00000290       0x58 CMakeFiles/UAV_V1.0.elf.dir/Core/Src/main.c.obj
 .debug_frame   0x000002e8       0x28 CMakeFiles/UAV_V1.0.elf.dir/Core/Src/stm32f1xx_hal_msp.c.obj
 .debug_frame   0x00000310      0x108 CMakeFiles/UAV_V1.0.elf.dir/Core/Src/stm32f1xx_it.c.obj
 .debug_frame   0x00000418       0x28 CMakeFiles/UAV_V1.0.elf.dir/Core/Src/sysmem.c.obj
 .debug_frame   0x00000440       0x30 CMakeFiles/UAV_V1.0.elf.dir/Core/Src/system_stm32f1xx.c.obj
 .debug_frame   0x00000470       0x9c CMakeFiles/UAV_V1.0.elf.dir/Core/Src/tim.c.obj
 .debug_frame   0x0000050c       0x64 CMakeFiles/UAV_V1.0.elf.dir/Core/Src/usart.c.obj
 .debug_frame   0x00000570      0x1cc CMakeFiles/UAV_V1.0.elf.dir/Drivers/STM32F1xx_HAL_Driver/Src/stm32f1xx_hal.c.obj
 .debug_frame   0x0000073c      0x118 CMakeFiles/UAV_V1.0.elf.dir/Drivers/STM32F1xx_HAL_Driver/Src/stm32f1xx_hal_cortex.c.obj
 .debug_frame   0x00000854      0x144 CMakeFiles/UAV_V1.0.elf.dir/Drivers/STM32F1xx_HAL_Driver/Src/stm32f1xx_hal_dma.c.obj
 .debug_frame   0x00000998       0xe4 CMakeFiles/UAV_V1.0.elf.dir/Drivers/STM32F1xx_HAL_Driver/Src/stm32f1xx_hal_gpio.c.obj
 .debug_frame   0x00000a7c      0x984 CMakeFiles/UAV_V1.0.elf.dir/Drivers/STM32F1xx_HAL_Driver/Src/stm32f1xx_hal_i2c.c.obj
 .debug_frame   0x00001400      0x184 CMakeFiles/UAV_V1.0.elf.dir/Drivers/STM32F1xx_HAL_Driver/Src/stm32f1xx_hal_rcc.c.obj
 .debug_frame   0x00001584      0xb18 CMakeFiles/UAV_V1.0.elf.dir/Drivers/STM32F1xx_HAL_Driver/Src/stm32f1xx_hal_tim.c.obj
 .debug_frame   0x0000209c      0x40c CMakeFiles/UAV_V1.0.elf.dir/Drivers/STM32F1xx_HAL_Driver/Src/stm32f1xx_hal_tim_ex.c.obj
 .debug_frame   0x000024a8      0x5d8 CMakeFiles/UAV_V1.0.elf.dir/Drivers/STM32F1xx_HAL_Driver/Src/stm32f1xx_hal_uart.c.obj
 .debug_frame   0x00002a80       0x20 d:/clion2023.2/gcc-arm-none-eabi-10.3-2021.10-win32/bin/../lib/gcc/arm-none-eabi/10.3.1/../../../../arm-none-eabi/lib/thumb/v7-m/nofp\libg.a(lib_a-errno.o)
 .debug_frame   0x00002aa0       0x2c d:/clion2023.2/gcc-arm-none-eabi-10.3-2021.10-win32/bin/../lib/gcc/arm-none-eabi/10.3.1/../../../../arm-none-eabi/lib/thumb/v7-m/nofp\libg.a(lib_a-init.o)
 .debug_frame   0x00002acc       0x30 d:/clion2023.2/gcc-arm-none-eabi-10.3-2021.10-win32/bin/../lib/gcc/arm-none-eabi/10.3.1/../../../../arm-none-eabi/lib/thumb/v7-m/nofp\libg.a(lib_a-malloc.o)
 .debug_frame   0x00002afc       0x4c d:/clion2023.2/gcc-arm-none-eabi-10.3-2021.10-win32/bin/../lib/gcc/arm-none-eabi/10.3.1/../../../../arm-none-eabi/lib/thumb/v7-m/nofp\libg.a(lib_a-mallocr.o)
 .debug_frame   0x00002b48       0x2c d:/clion2023.2/gcc-arm-none-eabi-10.3-2021.10-win32/bin/../lib/gcc/arm-none-eabi/10.3.1/../../../../arm-none-eabi/lib/thumb/v7-m/nofp\libg.a(lib_a-memset.o)
 .debug_frame   0x00002b74       0x30 d:/clion2023.2/gcc-arm-none-eabi-10.3-2021.10-win32/bin/../lib/gcc/arm-none-eabi/10.3.1/../../../../arm-none-eabi/lib/thumb/v7-m/nofp\libg.a(lib_a-mlock.o)
 .debug_frame   0x00002ba4       0x2c d:/clion2023.2/gcc-arm-none-eabi-10.3-2021.10-win32/bin/../lib/gcc/arm-none-eabi/10.3.1/../../../../arm-none-eabi/lib/thumb/v7-m/nofp\libg.a(lib_a-sbrkr.o)
 .debug_frame   0x00002bd0       0x5c d:/clion2023.2/gcc-arm-none-eabi-10.3-2021.10-win32/bin/../lib/gcc/arm-none-eabi/10.3.1/../../../../arm-none-eabi/lib/thumb/v7-m/nofp\libg.a(lib_a-__call_atexit.o)
 .debug_frame   0x00002c2c       0x20 d:/clion2023.2/gcc-arm-none-eabi-10.3-2021.10-win32/bin/../lib/gcc/arm-none-eabi/10.3.1/../../../../arm-none-eabi/lib/thumb/v7-m/nofp\libg.a(lib_a-atexit.o)
 .debug_frame   0x00002c4c       0x34 d:/clion2023.2/gcc-arm-none-eabi-10.3-2021.10-win32/bin/../lib/gcc/arm-none-eabi/10.3.1/../../../../arm-none-eabi/lib/thumb/v7-m/nofp\libg.a(lib_a-fini.o)
 .debug_frame   0x00002c80       0x8c d:/clion2023.2/gcc-arm-none-eabi-10.3-2021.10-win32/bin/../lib/gcc/arm-none-eabi/10.3.1/../../../../arm-none-eabi/lib/thumb/v7-m/nofp\libg.a(lib_a-freer.o)
 .debug_frame   0x00002d0c       0xb0 d:/clion2023.2/gcc-arm-none-eabi-10.3-2021.10-win32/bin/../lib/gcc/arm-none-eabi/10.3.1/../../../../arm-none-eabi/lib/thumb/v7-m/nofp\libg.a(lib_a-lock.o)
 .debug_frame   0x00002dbc       0x64 d:/clion2023.2/gcc-arm-none-eabi-10.3-2021.10-win32/bin/../lib/gcc/arm-none-eabi/10.3.1/../../../../arm-none-eabi/lib/thumb/v7-m/nofp\libg.a(lib_a-reent.o)
 .debug_frame   0x00002e20       0x34 d:/clion2023.2/gcc-arm-none-eabi-10.3-2021.10-win32/bin/../lib/gcc/arm-none-eabi/10.3.1/../../../../arm-none-eabi/lib/thumb/v7-m/nofp\libg.a(lib_a-__atexit.o)

.debug_loc      0x00000000    0x117dc
 .debug_loc     0x00000000      0x1b3 CMakeFiles/UAV_V1.0.elf.dir/BSP/IMU/IMU.c.obj
 .debug_loc     0x000001b3       0x8e CMakeFiles/UAV_V1.0.elf.dir/BSP/Motor/motor.c.obj
 .debug_loc     0x00000241       0x25 CMakeFiles/UAV_V1.0.elf.dir/BSP/Parse/ppm.c.obj
 .debug_loc     0x00000266       0x67 CMakeFiles/UAV_V1.0.elf.dir/Core/Src/i2c.c.obj
 .debug_loc     0x000002cd       0x4c CMakeFiles/UAV_V1.0.elf.dir/Core/Src/main.c.obj
 .debug_loc     0x00000319       0x15 CMakeFiles/UAV_V1.0.elf.dir/Core/Src/stm32f1xx_hal_msp.c.obj
 .debug_loc     0x0000032e       0x64 CMakeFiles/UAV_V1.0.elf.dir/Core/Src/sysmem.c.obj
 .debug_loc     0x00000392       0xff CMakeFiles/UAV_V1.0.elf.dir/Core/Src/system_stm32f1xx.c.obj
 .debug_loc     0x00000491       0x42 CMakeFiles/UAV_V1.0.elf.dir/Core/Src/tim.c.obj
 .debug_loc     0x000004d3       0x71 CMakeFiles/UAV_V1.0.elf.dir/Core/Src/usart.c.obj
 .debug_loc     0x00000544      0x141 CMakeFiles/UAV_V1.0.elf.dir/Drivers/STM32F1xx_HAL_Driver/Src/stm32f1xx_hal.c.obj
 .debug_loc     0x00000685      0x71f CMakeFiles/UAV_V1.0.elf.dir/Drivers/STM32F1xx_HAL_Driver/Src/stm32f1xx_hal_cortex.c.obj
 .debug_loc     0x00000da4      0x7d1 CMakeFiles/UAV_V1.0.elf.dir/Drivers/STM32F1xx_HAL_Driver/Src/stm32f1xx_hal_dma.c.obj
 .debug_loc     0x00001575      0x47d CMakeFiles/UAV_V1.0.elf.dir/Drivers/STM32F1xx_HAL_Driver/Src/stm32f1xx_hal_gpio.c.obj
 .debug_loc     0x000019f2     0x41ca CMakeFiles/UAV_V1.0.elf.dir/Drivers/STM32F1xx_HAL_Driver/Src/stm32f1xx_hal_i2c.c.obj
 .debug_loc     0x00005bbc      0x618 CMakeFiles/UAV_V1.0.elf.dir/Drivers/STM32F1xx_HAL_Driver/Src/stm32f1xx_hal_rcc.c.obj
 .debug_loc     0x000061d4     0x50fa CMakeFiles/UAV_V1.0.elf.dir/Drivers/STM32F1xx_HAL_Driver/Src/stm32f1xx_hal_tim.c.obj
 .debug_loc     0x0000b2ce     0x1c93 CMakeFiles/UAV_V1.0.elf.dir/Drivers/STM32F1xx_HAL_Driver/Src/stm32f1xx_hal_tim_ex.c.obj
 .debug_loc     0x0000cf61     0x487b CMakeFiles/UAV_V1.0.elf.dir/Drivers/STM32F1xx_HAL_Driver/Src/stm32f1xx_hal_uart.c.obj
